
 Start         Length     Name                   Class
 0001:00000000 00052528H .text                   CODE
 0002:00000000 0000115CH .data                   DATA
 0002:0000115C 00001879H .bss                    BSS


Detailed map of segments

 0001:00000000 0000508F C=CODE     S=.text    G=(none)   M=System   ACBP=A9
 0001:00005090 00000140 C=CODE     S=.text    G=(none)   M=SysInit  ACBP=A9
 0001:000051D0 00000078 C=CODE     S=.text    G=(none)   M=Types    ACBP=A9
 0001:00005248 00000C34 C=CODE     S=.text    G=(none)   M=Windows  ACBP=A9
 0001:00005E7C 00000038 C=CODE     S=.text    G=(none)   M=Messages ACBP=A9
 0001:00005EB4 00000310 C=CODE     S=.text    G=(none)   M=SysConst ACBP=A9
 0001:000061C4 0000653C C=CODE     S=.text    G=(none)   M=SysUtils ACBP=A9
 0001:0000C700 000007FB C=CODE     S=.text    G=(none)   M=VarUtils ACBP=A9
 0001:0000CEFC 00002A42 C=CODE     S=.text    G=(none)   M=Variants ACBP=A9
 0001:0000F940 00000130 C=CODE     S=.text    G=(none)   M=RTLConsts ACBP=A9
 0001:0000FA70 000007E8 C=CODE     S=.text    G=(none)   M=TypInfo  ACBP=A9
 0001:00010258 00000038 C=CODE     S=.text    G=(none)   M=ActiveX  ACBP=A9
 0001:00010290 00009CEE C=CODE     S=.text    G=(none)   M=Classes  ACBP=A9
 0001:00019F80 00000290 C=CODE     S=.text    G=(none)   M=Consts   ACBP=A9
 0001:0001A210 0000740F C=CODE     S=.text    G=(none)   M=Graphics ACBP=A9
 0001:00021620 00000048 C=CODE     S=.text    G=(none)   M=Math     ACBP=A9
 0001:00021668 000002B8 C=CODE     S=.text    G=(none)   M=Contnrs  ACBP=A9
 0001:00021920 000000F4 C=CODE     S=.text    G=(none)   M=CommCtrl ACBP=A9
 0001:00021A14 00000787 C=CODE     S=.text    G=(none)   M=MultiMon ACBP=A9
 0001:0002219C 00000038 C=CODE     S=.text    G=(none)   M=Imm      ACBP=A9
 0001:000221D4 00000FF8 C=CODE     S=.text    G=(none)   M=HelpIntfs ACBP=A9
 0001:000231CC 00000038 C=CODE     S=.text    G=(none)   M=WinSpool ACBP=A9
 0001:00023204 00000044 C=CODE     S=.text    G=(none)   M=Printers ACBP=A9
 0001:00023248 0000031F C=CODE     S=.text    G=(none)   M=FlatSB   ACBP=A9
 0001:00023568 000001A4 C=CODE     S=.text    G=(none)   M=SyncObjs ACBP=A9
 0001:0002370C 000009BB C=CODE     S=.text    G=(none)   M=UxTheme  ACBP=A9
 0001:000240C8 00000038 C=CODE     S=.text    G=(none)   M=RichEdit ACBP=A9
 0001:00024100 00000038 C=CODE     S=.text    G=(none)   M=ToolWin  ACBP=A9
 0001:00024138 00000038 C=CODE     S=.text    G=(none)   M=ShellAPI ACBP=A9
 0001:00024170 00000038 C=CODE     S=.text    G=(none)   M=RegStr   ACBP=A9
 0001:000241A8 00000038 C=CODE     S=.text    G=(none)   M=WinInet  ACBP=A9
 0001:000241E0 00000038 C=CODE     S=.text    G=(none)   M=UrlMon   ACBP=A9
 0001:00024218 00000038 C=CODE     S=.text    G=(none)   M=ShlObj   ACBP=A9
 0001:00024250 00000038 C=CODE     S=.text    G=(none)   M=CommDlg  ACBP=A9
 0001:00024288 00000038 C=CODE     S=.text    G=(none)   M=Dlgs     ACBP=A9
 0001:000242C0 0000066D C=CODE     S=.text    G=(none)   M=Dialogs  ACBP=A9
 0001:00024930 000025BA C=CODE     S=.text    G=(none)   M=ExtCtrls ACBP=A9
 0001:00026EEC 00000038 C=CODE     S=.text    G=(none)   M=ComStrs  ACBP=A9
 0001:00026F24 00000094 C=CODE     S=.text    G=(none)   M=Clipbrd  ACBP=A9
 0001:00026FB8 00000038 C=CODE     S=.text    G=(none)   M=StrUtils ACBP=A9
 0001:00026FF0 000000F5 C=CODE     S=.text    G=(none)   M=Buttons  ACBP=A9
 0001:000270E8 00000038 C=CODE     S=.text    G=(none)   M=ExtDlgs  ACBP=A9
 0001:00027120 00000068 C=CODE     S=.text    G=(none)   M=IniFiles ACBP=A9
 0001:00027188 00000068 C=CODE     S=.text    G=(none)   M=Registry ACBP=A9
 0001:000271F0 0000006C C=CODE     S=.text    G=(none)   M=Mapi     ACBP=A9
 0001:0002725C 00000058 C=CODE     S=.text    G=(none)   M=ExtActns ACBP=A9
 0001:000272B4 00000038 C=CODE     S=.text    G=(none)   M=ListActns ACBP=A9
 0001:000272EC 00000180 C=CODE     S=.text    G=(none)   M=ComCtrls ACBP=A9
 0001:0002746C 00000A0C C=CODE     S=.text    G=(none)   M=Themes   ACBP=A9
 0001:00027E78 00001D88 C=CODE     S=.text    G=(none)   M=StdCtrls ACBP=A9
 0001:00029C00 00000168 C=CODE     S=.text    G=(none)   M=StdActns ACBP=A9
 0001:00029D68 00000D1F C=CODE     S=.text    G=(none)   M=WinHelpViewer ACBP=A9
 0001:0002AA88 0001097F C=CODE     S=.text    G=(none)   M=Controls ACBP=A9
 0001:0003B408 00001292 C=CODE     S=.text    G=(none)   M=ActnList ACBP=A9
 0001:0003C69C 000016E4 C=CODE     S=.text    G=(none)   M=ImgList  ACBP=A9
 0001:0003DD80 000066AD C=CODE     S=.text    G=(none)   M=Menus    ACBP=A9
 0001:00044430 0000C568 C=CODE     S=.text    G=(none)   M=Forms    ACBP=A9
 0001:00050998 00001224 C=CODE     S=.text    G=(none)   M=SortThds ACBP=A9
 0001:00051BBC 00000714 C=CODE     S=.text    G=(none)   M=ThSort   ACBP=A9
 0001:000522D0 00000255 C=CODE     S=.text    G=(none)   M=ThrdDemo ACBP=A9
 0002:00000000 000000A0 C=DATA     S=.data    G=DGROUP   M=System   ACBP=A9
 0002:000000A0 00000020 C=DATA     S=.data    G=DGROUP   M=SysInit  ACBP=A9
 0002:000000C0 00000254 C=DATA     S=.data    G=DGROUP   M=SysUtils ACBP=A9
 0002:00000314 00000008 C=DATA     S=.data    G=DGROUP   M=VarUtils ACBP=A9
 0002:0000031C 0000008E C=DATA     S=.data    G=DGROUP   M=Variants ACBP=A9
 0002:000003AC 0000000C C=DATA     S=.data    G=DGROUP   M=TypInfo  ACBP=A9
 0002:000003B8 00000064 C=DATA     S=.data    G=DGROUP   M=Classes  ACBP=A9
 0002:0000041C 00000304 C=DATA     S=.data    G=DGROUP   M=Graphics ACBP=A9
 0002:00000720 00000004 C=DATA     S=.data    G=DGROUP   M=Printers ACBP=A9
 0002:00000724 00000074 C=DATA     S=.data    G=DGROUP   M=Dialogs  ACBP=A9
 0002:00000798 0000018C C=DATA     S=.data    G=DGROUP   M=ExtCtrls ACBP=A9
 0002:00000924 0000002C C=DATA     S=.data    G=DGROUP   M=Buttons  ACBP=A9
 0002:00000950 00000008 C=DATA     S=.data    G=DGROUP   M=IniFiles ACBP=A9
 0002:00000958 00000008 C=DATA     S=.data    G=DGROUP   M=Registry ACBP=A9
 0002:00000960 00000008 C=DATA     S=.data    G=DGROUP   M=Mapi     ACBP=A9
 0002:00000968 00000018 C=DATA     S=.data    G=DGROUP   M=ComCtrls ACBP=A9
 0002:00000980 00000068 C=DATA     S=.data    G=DGROUP   M=Themes   ACBP=A9
 0002:000009E8 00000018 C=DATA     S=.data    G=DGROUP   M=StdCtrls ACBP=A9
 0002:00000A00 0000013C C=DATA     S=.data    G=DGROUP   M=Controls ACBP=A9
 0002:00000B3C 00000020 C=DATA     S=.data    G=DGROUP   M=ImgList  ACBP=A9
 0002:00000B5C 000000EC C=DATA     S=.data    G=DGROUP   M=Menus    ACBP=A9
 0002:00000C48 0000011C C=DATA     S=.data    G=DGROUP   M=Forms    ACBP=A9
 0002:00002000 00000660 C=BSS      S=.bss     G=DGROUP   M=System   ACBP=A9
 0002:00002660 00000010 C=BSS      S=.bss     G=DGROUP   M=SysInit  ACBP=A9
 0002:00002670 00000004 C=BSS      S=.bss     G=DGROUP   M=Types    ACBP=A9
 0002:00002674 00000004 C=BSS      S=.bss     G=DGROUP   M=Windows  ACBP=A9
 0002:00002678 00000004 C=BSS      S=.bss     G=DGROUP   M=Messages ACBP=A9
 0002:0000267C 00000004 C=BSS      S=.bss     G=DGROUP   M=SysConst ACBP=A9
 0002:00002680 00000120 C=BSS      S=.bss     G=DGROUP   M=SysUtils ACBP=A9
 0002:000027A0 0000005C C=BSS      S=.bss     G=DGROUP   M=VarUtils ACBP=A9
 0002:000027FC 00000040 C=BSS      S=.bss     G=DGROUP   M=Variants ACBP=A9
 0002:0000283C 00000004 C=BSS      S=.bss     G=DGROUP   M=RTLConsts ACBP=A9
 0002:00002840 00000004 C=BSS      S=.bss     G=DGROUP   M=TypInfo  ACBP=A9
 0002:00002844 00000004 C=BSS      S=.bss     G=DGROUP   M=ActiveX  ACBP=A9
 0002:00002848 00000044 C=BSS      S=.bss     G=DGROUP   M=Classes  ACBP=A9
 0002:0000288C 00000004 C=BSS      S=.bss     G=DGROUP   M=Consts   ACBP=A9
 0002:00002890 00000060 C=BSS      S=.bss     G=DGROUP   M=Graphics ACBP=A9
 0002:000028F0 00000004 C=BSS      S=.bss     G=DGROUP   M=Math     ACBP=A9
 0002:000028F4 00000004 C=BSS      S=.bss     G=DGROUP   M=Contnrs  ACBP=A9
 0002:000028F8 00000004 C=BSS      S=.bss     G=DGROUP   M=CommCtrl ACBP=A9
 0002:000028FC 00000031 C=BSS      S=.bss     G=DGROUP   M=MultiMon ACBP=A9
 0002:00002930 00000004 C=BSS      S=.bss     G=DGROUP   M=Imm      ACBP=A9
 0002:00002934 00000008 C=BSS      S=.bss     G=DGROUP   M=HelpIntfs ACBP=A9
 0002:0000293C 00000004 C=BSS      S=.bss     G=DGROUP   M=WinSpool ACBP=A9
 0002:00002940 00000004 C=BSS      S=.bss     G=DGROUP   M=Printers ACBP=A9
 0002:00002944 00000034 C=BSS      S=.bss     G=DGROUP   M=FlatSB   ACBP=A9
 0002:00002978 00000004 C=BSS      S=.bss     G=DGROUP   M=SyncObjs ACBP=A9
 0002:0000297C 000000CC C=BSS      S=.bss     G=DGROUP   M=UxTheme  ACBP=A9
 0002:00002A48 00000004 C=BSS      S=.bss     G=DGROUP   M=RichEdit ACBP=A9
 0002:00002A4C 00000004 C=BSS      S=.bss     G=DGROUP   M=ToolWin  ACBP=A9
 0002:00002A50 00000004 C=BSS      S=.bss     G=DGROUP   M=ShellAPI ACBP=A9
 0002:00002A54 00000004 C=BSS      S=.bss     G=DGROUP   M=RegStr   ACBP=A9
 0002:00002A58 00000004 C=BSS      S=.bss     G=DGROUP   M=WinInet  ACBP=A9
 0002:00002A5C 00000004 C=BSS      S=.bss     G=DGROUP   M=UrlMon   ACBP=A9
 0002:00002A60 00000004 C=BSS      S=.bss     G=DGROUP   M=ShlObj   ACBP=A9
 0002:00002A64 00000004 C=BSS      S=.bss     G=DGROUP   M=CommDlg  ACBP=A9
 0002:00002A68 00000004 C=BSS      S=.bss     G=DGROUP   M=Dlgs     ACBP=A9
 0002:00002A6C 0000000C C=BSS      S=.bss     G=DGROUP   M=Dialogs  ACBP=A9
 0002:00002A78 00000004 C=BSS      S=.bss     G=DGROUP   M=ExtCtrls ACBP=A9
 0002:00002A7C 00000004 C=BSS      S=.bss     G=DGROUP   M=ComStrs  ACBP=A9
 0002:00002A80 0000000C C=BSS      S=.bss     G=DGROUP   M=Clipbrd  ACBP=A9
 0002:00002A8C 00000004 C=BSS      S=.bss     G=DGROUP   M=StrUtils ACBP=A9
 0002:00002A90 00000030 C=BSS      S=.bss     G=DGROUP   M=Buttons  ACBP=A9
 0002:00002AC0 00000004 C=BSS      S=.bss     G=DGROUP   M=ExtDlgs  ACBP=A9
 0002:00002AC4 00000004 C=BSS      S=.bss     G=DGROUP   M=IniFiles ACBP=A9
 0002:00002AC8 00000004 C=BSS      S=.bss     G=DGROUP   M=Registry ACBP=A9
 0002:00002ACC 00000004 C=BSS      S=.bss     G=DGROUP   M=Mapi     ACBP=A9
 0002:00002AD0 00000009 C=BSS      S=.bss     G=DGROUP   M=ExtActns ACBP=A9
 0002:00002ADC 00000004 C=BSS      S=.bss     G=DGROUP   M=ListActns ACBP=A9
 0002:00002AE0 00000010 C=BSS      S=.bss     G=DGROUP   M=ComCtrls ACBP=A9
 0002:00002AF0 00000008 C=BSS      S=.bss     G=DGROUP   M=Themes   ACBP=A9
 0002:00002AF8 00000004 C=BSS      S=.bss     G=DGROUP   M=StdCtrls ACBP=A9
 0002:00002AFC 00000004 C=BSS      S=.bss     G=DGROUP   M=StdActns ACBP=A9
 0002:00002B00 00000014 C=BSS      S=.bss     G=DGROUP   M=WinHelpViewer ACBP=A9
 0002:00002B14 00000080 C=BSS      S=.bss     G=DGROUP   M=Controls ACBP=A9
 0002:00002B94 00000004 C=BSS      S=.bss     G=DGROUP   M=ActnList ACBP=A9
 0002:00002B98 0000000C C=BSS      S=.bss     G=DGROUP   M=ImgList  ACBP=A9
 0002:00002BA4 00000010 C=BSS      S=.bss     G=DGROUP   M=Menus    ACBP=A9
 0002:00002BB4 00000020 C=BSS      S=.bss     G=DGROUP   M=Forms    ACBP=A9
 0002:00002BD4 00000004 C=BSS      S=.bss     G=DGROUP   M=SortThds ACBP=A9
 0002:00002BD8 00000CA0 C=BSS      S=.bss     G=DGROUP   M=ThSort   ACBP=A9


  Address         Publics by Name

 0002:0000283C       .1
 0002:00002A68       .1
 0002:00002A64       .1
 0002:00002A60       .1
 0002:00002A5C       .1
 0002:00002A58       .1
 0002:00002A54       .1
 0002:00002A50       .1
 0002:00002A48       .1
 0002:00002A38       .1
 0002:00002A7C       .1
 0002:00002A8C       .1
 0002:00002964       .1
 0002:00002930       .1
 0002:0000291C       .1
 0002:000028F8       .1
 0002:0000288C       .1
 0002:00002ACC       .1
 0002:00002678       .1
 0002:0000267C       .1
 0002:00002670       .1
 0002:00002668       .1
 0002:00002B08       .1
 0002:00002A6C       .11
 0002:00002A78       .12
 0002:00002894       .12
 0002:000028F0       .2
 0002:00002BDC       .2
 0002:00002AF0       .2
 0002:00002A84       .2
 0002:00002934       .2
 0002:000028F4       .21
 0002:00002B98       .3
 0002:00002940       .3
 0002:00002844       .3
 0002:0000293C       .3
 0002:00002AC0       .3
 0002:00002674       .3
 0002:00002790       .35
 0002:00002AE0       .36
 0002:00002A90       .4
 0002:00002A4C       .4
 0002:00002BBC       .41
 0002:00002AF8       .42
 0002:00002854       .45
 0002:00002AC8       .5
 0002:000027F8       .5
 0002:000025B8       .5
 0002:00002840       .6
 0002:00002978       .6
 0002:00002B1C       .72
 0002:00002AD0       .72
 0002:00002AFC       .73
 0002:00002B94       .8
 0002:00002ADC       .8
 0002:00002AC4       .8
 0002:0000281C       .81
 0002:00002BAC       .9
 0002:00002BD4       .9
 0001:00001CF4       @AbstractError
 0001:00002850       @AfterConstruction
 0001:00002694       @AsClass
 0001:00001E5C       @AStrCmp
 0001:00002860       @BeforeDestruction
 0001:00002414       @BoundErr
 0001:000026E0       @CallDynaInst
 0001:000027F8       @ClassCreate
 0001:00002848       @ClassDestroy
 0001:00001D64       @Close
 0001:00001C04       @Copy
 0001:00003F7C       @CopyArray
 0001:00003E60       @CopyRecord
 0001:00004070       @DispCallByIDError
 0001:0000D99C       @DispInvokeError
 0001:00002CDC       @DoneExcept
 0001:000042C0       @DynArrayAsg
 0001:00004284       @DynArrayClear
 0001:000040A4       @DynArrayHigh
 0001:0000409C       @DynArrayLength
 0001:00004278       @DynArraySetLength
 0001:00002DC4       @ExceptionHandler
 0001:00001ECC       @FillChar
 0001:00003E3C       @Finalize
 0001:00003D50       @FinalizeArray
 0001:00003D04       @FinalizeRecord
 0001:00002408       @FpuInit
 0001:00002344       @FpuMaskInit
 0001:00001A78       @FreeMem
 0001:00001A48       @GetMem
 0001:00005108       @GetTls
 0001:00003234       @Halt
 0001:00003154       @Halt0
 0001:00002974       @HandleAnyException
 0001:00002C28       @HandleFinally
 0001:00002AA0       @HandleOnException
 0001:00005154       @InitExe
 0001:00003C70       @InitializeArray
 0001:00003C40       @InitializeRecord
 0001:00003018       @InitImports
 0001:00002FF0       @InitResStringImports
 0001:00002FCC       @InitResStrings
 0001:00004A4C       @IntfAddRef
 0001:00004A1C       @IntfCast
 0001:000049D8       @IntfClear
 0001:000049F0       @IntfCopy
 0001:00002670       @IsClass
 0001:00002314       @isNECWindows
 0001:00003780       @LStrAddRef
 0001:000032F4       @LStrArrayClr
 0001:00003324       @LStrAsg
 0001:00003598       @LStrCat
 0001:000035DC       @LStrCat3
 0001:00003650       @LStrCatN
 0001:000032D0       @LStrClr
 0001:000036DC       @LStrCmp
 0001:000037F0       @LStrCopy
 0001:00003830       @LStrDelete
 0001:00003540       @LStrFromArray
 0001:000034B8       @LStrFromChar
 0001:000034C8       @LStrFromPChar
 0001:000033C0       @LStrFromPCharLen
 0001:000034F8       @LStrFromPWChar
 0001:0000342C       @LStrFromPWCharLen
 0001:00003534       @LStrFromString
 0001:00003558       @LStrFromWStr
 0001:00003878       @LStrInsert
 0001:00003368       @LStrLAsg
 0001:00003590       @LStrLen
 0001:000038D4       @LStrPos
 0001:0000391C       @LStrSetLength
 0001:00003790       @LStrToPChar
 0001:0000356C       @LStrToString
 0001:00003394       @NewAnsiString
 0001:00003988       @NewWideString
 0001:00002028       @Pow10
 0001:00001DD8       @PStrCmp
 0001:00001DBC       @PStrNCpy
 0001:00002C88       @RaiseAgain
 0001:00002C60       @RaiseExcept
 0001:00001EEC       @RandInt
 0001:00001A98       @ReallocMem
 0001:00001CE8       @ROUND
 0001:00003240       @RunError
 0001:0000200C       @SetEq
 0001:00002F8C       @StartExe
 0001:000002AC       @strlen
 0001:00002D0C       @TryFinallyExit
 0001:000037E8       @UniqueStringA
 0001:00001F08       @ValLong
 0001:0000F094       @VarAddRef
 0001:0000DC88       @VarClear
 0001:0000DC9C       @VarClr
 0001:00003D38       @VarClr
 0001:0000DFC4       @VarCopy
 0001:00003E48       @VarCopy
 0001:0000EFCC       @VarFromBool
 0001:0000F01C       @VarFromCurr
 0001:0000EF64       @VarFromInt
 0001:0000EFA0       @VarFromInt64
 0001:0000F030       @VarFromLStr
 0001:0000EFF4       @VarFromReal
 0001:0000F008       @VarFromTDateTime
 0001:0000F05C       @VarFromWStr
 0001:0000D9F0       @VarNull
 0001:0000E2F0       @VarToLStr
 0001:0000EA10       @VarToWStr
 0001:000039C8       @WStrArrayClr
 0001:000039EC       @WStrAsg
 0001:000039B0       @WStrClr
 0001:00003B28       @WStrCmp
 0001:00003BAC       @WStrCopy
 0001:00003AFC       @WStrFromLStr
 0001:00003A10       @WStrFromPCharLen
 0001:00003AC0       @WStrFromPWChar
 0001:00003A9C       @WStrFromPWCharLen
 0001:00003B1C       @WStrLen
 0001:00003BF8       @WStrSetLength
 0001:00003B0C       @WStrToPWChar
 0001:00001FE8       @_CLenToPasStr
 0001:00001FDC       @_CToPasStr
 0001:00001BD4       @_IOTest
 0001:00004078       @_llmul
 0001:0002D4C0       AbsMin
 0001:0000AA80       AbstractErrorHandler
 0002:00002028       AbstractErrorProc
 0002:00000144       AccessMode
 0001:00001B34       AcquireExceptionObject
 0001:00012648       ActivateClassGroup
 0001:0000571C       ActivateKeyboardLayout
 0002:00002B50       ActiveDrag
 0001:00010288       ActiveX
 0001:0003C670       ActnList
 0001:0000041C       AddBlockAfter
 0002:000003B8       AddDataModule
 0001:00006DFC       AddExitProc
 0001:00015708       AddFinished
 0001:0003F9B4       AddIn
 0001:00004840       AddModuleUnloadProc
 0001:00004830       AddModuleUnloadProc
 0001:00015740       AddNotFinished
 0001:00016164       AddSubComponentsToLoaded
 0001:00018578       AddThread
 0001:0001D9A8       AdjustColor
 0001:00026738       AdjustColors
 0001:00046A58       Adjustment
 0001:00005724       AdjustWindowRectEx
 0002:00000C30       Alignments
 0002:00000C20       Alignments
 0002:000007A0       Alignments
 0002:000009E8       Alignments
 0001:00032B10       AlignWork
 0001:0004D99C       AlignWork
 0001:00019D60       AllocateHWnd
 0001:00006DA0       AllocMem
 0002:000025B0       AllocMemCount
 0002:000025B4       AllocMemSize
 0001:00021418       AllocPatternBitmap
 0001:000050B0       AllocTlsBuffer
 0002:00000A0C       AnchorAlign
 0002:00000A00       AnimateWindowProc
 0002:00000B08       AnimationStyle
 0001:00006F9C       AnsiCompareStr
 0001:00006FD4       AnsiCompareText
 0001:000075C4       AnsiLastChar
 0001:0000572C       AnsiLower
 0001:0000B398       AnsiPos
 0001:0004423C       AnsiSameCaption
 0001:0000700C       AnsiSameText
 0001:00007024       AnsiStrLIComp
 0001:0000B3D4       AnsiStrPos
 0001:0000B494       AnsiStrRScan
 0001:0000B4DC       AnsiStrScan
 0001:00004E4C       AnsiToUtf8
 0001:00008A38       AppendChars
 0001:00008E04       AppendFormat
 0001:00008A9C       AppendNumber
 0001:00008A7C       AppendString
 0002:00002BB4       Application
 0002:000003C8       ApplicationHandleException
 0002:000003D0       ApplicationShowException
 0002:00000D5C       AppVisible
 0002:00002BE0       ArraysRandom
 0001:0000AA64       AssertErrorHandler
 0002:00002020       AssertErrorProc
 0001:0000FD20       AssignLongStr
 0001:000100C4       AssignVariant
 0002:00002608       avail
 0001:000076C0       BackfillGetDiskFreeSpaceEx
 0001:00030044       BackgroundClipped
 0001:0000C990       BackupVarBoolFromStr
 0001:0000CAF0       BackupVarBStrFromBool
 0001:0000CA10       BackupVarBStrFromCy
 0001:0000CA80       BackupVarBStrFromDate
 0001:0000C924       BackupVarCyFromStr
 0001:0000C8B8       BackupVarDateFromStr
 0001:0000C774       BackupVarI4FromStr
 0001:0000C720       BackupVariantChangeTypeEx
 0001:0000C7E0       BackupVarR4FromStr
 0001:0000C84C       BackupVarR8FromStr
 0001:000129A0       BeginGlobalLoading
 0001:00005734       BeginPaint
 0001:00003284       BeginThread
 0001:0001D9B4       BetterSize
 0001:00026028       BevelLine
 0001:00025F38       BevelRect
 0001:00040848       BiDiDraw
 0001:00005554       BitBlt
 0002:00000924       BitBtnCaptions
 0002:00002A94       BitBtnGlyphs
 0002:000006D4       BitmapCanvasList
 0002:000028AC       BitmapImageLock
 0001:0000C75C       BiUnimplemented
 0002:000003F0       BlockCode
 0002:000025E0       blockDescBlockList
 0002:000025E4       blockDescFreeList
 0002:000003AC       BooleanIdents
 0002:00000328       BooleanToStringRule
 0001:0000745C       BoolToStr
 0001:0000E078       BoolToWStrViaOS
 0002:00000798       BorderStyles
 0001:000051F4       Bounds
 0001:00011960       Bounds
 0002:00000BC8       Breaks
 0002:000028E4       BrushManager
 0002:00002BE4       BubbleSortArray
 0001:0004301C       BuildImage
 0002:0000076C       ButtonCaptions
 0002:00000740       ButtonNames
 0002:00000C44       Buttons
 0001:000270C0       Buttons
 0002:000009F8       ButtonStyles
 0001:0001D180       BytesPerScanline
 0001:0001D4E4       ByteSwapColors
 0001:0000B13C       ByteToCharIndex
 0001:0000B114       ByteToCharLen
 0001:0000B0D8       ByteType
 0001:0000B060       ByteTypeTest
 0002:00002B9C       CachedComCtrlVer
 0001:00019C9C       CalcJmpOffset
 0001:0003A6F8       CalcSplitterPos
 0001:0000573C       CallNextHookEx
 0001:0000BBB4       CallTerminateProcs
 0001:00005744       CallWindowProc
 0001:0002E4F8       CancelDrag
 0002:00002B64       CanvasList
 0002:000028E8       CanvasList
 0002:0000072C       Captions
 0002:00000AC4       CaptureControl
 0002:00000B68       cBooleanToItemAutoFlag
 0002:00002A82       CF_COMPONENT
 0002:00002A80       CF_PICTURE
 0002:00002814       ChangeAnyProc
 0001:0002CA78       ChangeBiDiModeAlignment
 0001:000033F0       CharFromWChar
 0001:0000B320       CharLength
 0001:0000021C       CharNext
 0001:0000574C       CharNext
 0001:0001B9CC       CharsetToIdent
 0001:0000B228       CharToByteIndex
 0001:0000B28C       CharToByteLen
 0001:00005754       CharToOemA
 0001:0001DF70       CheckBool
 0001:000028F0       CheckJmp
 0001:0000575C       CheckMenuItem
 0002:00000BB8       Checks
 0001:000161A0       CheckSubComponents
 0001:00018590       CheckSynchronize
 0001:00046494       CheckTaskWindow
 0001:0002E1AC       CheckUndock
 0001:0000AF54       CheckWin32Version
 0002:0000032C       CInvalidCustomVariantType
 0002:00000B6C       cItemAutoFlagToBoolean
 0002:00000B64       cItemAutoFlagToMenu
 0001:00019EEC       Classes
 0001:0001240C       ClassNotFound
 0002:00002810       ClearAnyProc
 0001:0001B24C       ClearColor
 0001:0000F3D0       ClearVariantTypeList
 0001:00005764       ClientToScreen
 0001:00037CE0       ClientToWindow
 0002:000006CC       ClipboardFormats
 0001:00026F60       Clipbrd
 0001:0000532C       CloseHandle
 0002:00002980       CloseThemeData
 0002:0000203C       CmdLine
 0002:00002038       CmdShow
 0002:00000B60       cMenuAutoFlagToItem
 0001:0000C768       CmpUnimplemented
 0002:0000044C       Colors
 0001:0001B7C4       ColorToIdent
 0002:000007AC       ColorToPretyName
 0001:0001B7B4       ColorToRGB
 0002:00002AEC       ComCtlVersion
 0001:00027464       ComCtrls
 0002:00002BB0       CommandPool
 0001:00021A0C       CommCtrl
 0001:00024280       CommDlg
 0001:0000079C       Commit
 0002:00002624       committedRoot
 0001:0003EF98       CompareFront
 0001:00006F04       CompareMem
 0001:00006ED4       CompareStr
 0001:00005334       CompareString
 0001:00006F24       CompareText
 0001:00007384       CompareWith
 0001:00016280       ComponentCreated
 0001:00026F1C       ComStrs
 0001:0001A208       Consts
 0001:00021918       Contnrs
 0002:00002B22       ControlAtom
 0002:00002B28       ControlAtomString
 0001:0004B240       ControlHasHelp
 0001:0003B378       Controls
 0001:0000A4B0       ConvertAddr
 0001:00008B90       ConvertEraString
 0001:00006D7C       ConvertErrorFmt
 0001:00008CFC       ConvertYearString
 0001:000040AC       CopyArray
 0001:0001EA48       CopyBitmap
 0001:0001F110       CopyBitmapAsMask
 0001:0001F0AC       CopyPalette
 0002:00000984       Copyright
 0001:000420C8       CopyToBest
 0001:0000B198       CountChars
 0002:000028C4       CounterLock
 0002:000036AC       CountingArray
 0001:0005192C       CountingSort
 0002:00000330       CRangeToType
 0001:0000A9A8       CreateAssertException
 0001:0000AB30       CreateAVObject
 0001:0000555C       CreateBitmap
 0001:00005564       CreateBrushIndirect
 0001:0000556C       CreateCompatibleBitmap
 0001:00005574       CreateCompatibleDC
 0001:00016300       CreateComponent
 0001:00005584       CreateDIBitmap
 0001:0000557C       CreateDIBSection
 0001:0000533C       CreateEvent
 0001:00005344       CreateFile
 0001:0000558C       CreateFontIndirect
 0001:00005594       CreateHalftonePalette
 0001:0000576C       CreateIcon
 0001:0000A8D4       CreateInOutError
 0001:00005774       CreateMenu
 0001:0000559C       CreatePalette
 0001:000055A4       CreatePenIndirect
 0001:0000577C       CreatePopupMenu
 0001:000055AC       CreateSolidBrush
 0001:0001D53C       CreateSystemPalette
 0001:00000224       CreateThread
 0001:0000534C       CreateThread
 0001:00005CF4       CreateWindow
 0001:00005C9C       CreateWindowEx
 0002:00000A04       CreationControl
 0002:00000724       CreationControl
 0002:00000398       CRelationshipToBoolean
 0002:00000314       CResult
 0002:0000013C       cSimpleBoolStrs
 0002:00000344       CText
 0002:00000B00       Ctl3DStyles
 0002:0000261C       curAlloc
 0002:00002688       CurrencyDecimals
 0002:00002684       CurrencyFormat
 0002:00002680       CurrencyString
 0001:00008A24       CurrentYear
 0001:000085B0       CurrToStr
 0001:0000E008       CurrToWStrViaOS
 0002:00000CE0       CursorMap
 0002:00000A14       Cursors
 0001:0002CD98       CursorToIdent
 0002:00000CD0       cUseAlpha
 0002:00000CD8       cUseColorKey
 0001:000070F8       CvtInt
 0001:00007164       CvtInt64
 0002:0000017C       CWNear
 0002:00002689       DateSeparator
 0001:00009638       DateTimeToStr
 0001:000095DC       DateTimeToString
 0001:00008670       DateTimeToTimeStamp
 0001:0000E040       DateToWStrViaOS
 0001:000089FC       DayOfWeek
 0002:00000178       DCon10
 0002:00000448       DDBsOnly
 0001:00019E14       DeallocateHWnd
 0002:0000002C       DebugHook
 0002:00002687       DecimalSeparator
 0001:000089DC       DecodeDate
 0001:0000888C       DecodeDateFully
 0001:00008724       DecodeTime
 0001:0000085C       Decommit
 0001:00000F88       DecommitFree
 0002:000025F8       decommittedRoot
 0001:0004E5D8       Default
 0001:00048EC0       Default
 0002:00000024       Default8087CW
 0002:00000A08       DefaultDockTreeClass
 0002:000025BC       DefaultUserCodePage
 0002:0000069C       DefBrushData
 0002:0000041C       DefFontData
 0001:00005784       DefFrameProc
 0002:00000208       DefLongDayNames
 0002:000001BC       DefLongMonthNames
 0001:0000578C       DefMDIChildProc
 0002:0000067C       DefPenData
 0002:000001EC       DefShortDayNames
 0002:0000018C       DefShortMonthNames
 0001:00005794       DefWindowProc
 0001:00004318       DelayLoadResourceModule
 0001:00000478       DeleteBlock
 0001:00005354       DeleteCriticalSection
 0001:00000388       DeleteCriticalSection
 0001:000055B4       DeleteDC
 0001:00000D70       DeleteFree
 0001:0000579C       DeleteMenu
 0001:000055BC       DeleteObject
 0001:0001E604       DeselectBitmap
 0001:000057A4       DestroyCursor
 0001:000057AC       DestroyIcon
 0001:00026FF0       DestroyLocals
 0001:000057B4       DestroyMenu
 0001:000057BC       DestroyWindow
 0001:0002A73C       DialogEnumerationTester
 0001:000248F0       Dialogs
 0002:000006D8       DIBPalSizes
 0002:00000090       dig
 0001:000462D0       DisableTaskWindows
 0001:000057C4       DispatchMessage
 0001:0004C520       DispatchShortCut
 0002:00002000       DispCallByIDProc
 0001:00006D60       DivMod
 0001:000242B8       Dlgs
 0001:000329A0       DoAlign
 0001:0004D850       DoAlign
 0001:00036A54       DoCalcConstraints
 0002:00002B58       DockSiteList
 0001:00042CE8       DoClick
 0001:000340E4       DoControlMsg
 0001:00046280       DoDisableWindow
 0001:0002DAD8       DoDragOver
 0001:00006DC0       DoExitProc
 0001:000389CC       DoFindControlZone
 0001:000463D4       DoFindWindow
 0001:00038F58       DoFindZone
 0001:00038A50       DoForEach
 0001:0003A35C       DoGetNextLimit
 0001:00046248       DoneApplication
 0001:0003B0BC       DoneControls
 0001:0000AE64       DoneExceptions
 0001:0004A89C       DoNestedActivation
 0001:0001852C       DoneThreadSynchronization
 0001:0004F8F4       DoOnHelp
 0001:00032560       DoPosition
 0001:0004D6A0       DoPosition
 0001:00039984       DoPrune
 0001:00025C9C       DoRect
 0001:00039E5C       DoSaveZone
 0001:0003A060       DoSetNewBounds
 0002:000003B4       DotSep
 0001:0001E1C8       DoWrite
 0001:0003D5F8       DoWrite
 0001:000137D4       DoWrite
 0001:000336CC       DoWriteDesignSize
 0001:00031138       DoWriteIsControl
 0002:00002B3C       DragCapture
 0002:00002B30       DragControl
 0001:0002E220       DragDone
 0001:0002DA88       DragFindTarget
 0001:0002DA5C       DragFindWindow
 0002:00002B54       DragImageList
 0001:0002DE78       DragInit
 0001:0002DFE8       DragInitControl
 0002:00002B38       DragInternalObject
 0001:0002D9A4       DragMessage
 0002:00002B34       DragObject
 0002:00002B60       DragSave
 0002:00002B48       DragSaveCursor
 0002:00002B40       DragStartPos
 0002:00002B4C       DragThreshold
 0001:0002DBA8       DragTo
 0001:0004E614       DrawAppIcon
 0001:000394F0       DrawCloseButton
 0001:000057CC       DrawEdge
 0001:000057D4       DrawFrameControl
 0001:00039548       DrawGrabberLine
 0001:000057DC       DrawIcon
 0001:000057E4       DrawIconEx
 0002:00000B3C       DrawingStyles
 0001:000057EC       DrawMenuBar
 0001:00044058       DrawMenuItem
 0001:000057F4       DrawText
 0002:00002984       DrawThemeBackground
 0002:000029A8       DrawThemeEdge
 0002:000029AC       DrawThemeIcon
 0002:00002A30       DrawThemeParentBackground
 0002:00002988       DrawThemeText
 0001:0001D000       DupBits
 0001:000040C4       DynArrayClear
 0001:000040CC       DynArraySetLength
 0002:00000C28       EdgeStyle
 0002:00000AF0       EdgeStyles
 0001:0000A8A8       EHeapException.FreeInstance
 0002:000027FC       EmptyParam
 0002:000000C0       EmptyStr
 0002:000000C4       EmptyWideStr
 0001:000057FC       EnableMenuItem
 0002:00000BC0       Enables
 0001:00005804       EnableScrollBar
 0001:00046384       EnableTaskWindows
 0002:00002A18       EnableThemeDialogTexture
 0002:00002A34       EnableTheming
 0001:0000580C       EnableWindow
 0001:00012A28       EndGlobalLoading
 0001:00005814       EndPaint
 0001:000032C8       EndThread
 0001:00000378       EnterCriticalSection
 0001:0000535C       EnterCriticalSection
 0001:00005364       EnumCalendarInfoA
 0002:00002918       EnumDisplayMonitors
 0001:0000A124       EnumEraNames
 0001:0000A160       EnumEraYearOffsets
 0001:00049484       EnumMonitorsProc
 0001:0000581C       EnumThreadWindows
 0001:00015AB0       EnumValue
 0001:00005824       EnumWindows
 0001:0000582C       EqualRect
 0002:00002750       EraNames
 0001:000098B0       EraToYear
 0002:0000276C       EraYearOffsets
 0002:00000068       errCaption
 0001:00011FB0       Error
 0001:00001BC8       Error
 0001:0003ECE8       Error
 0001:00015294       Error
 0002:00000004       ErrorAddr
 0001:00001B7C       ErrorAt
 0001:0000A954       ErrorHandler
 0002:00000224       ErrorMap
 0002:00002008       ErrorProc
 0002:000023E4       ErrOutput
 0001:00001B08       ExceptAddr
 0002:0000200C       ExceptClsProc
 0001:0000ADD0       ExceptHandler
 0001:0000A71C       Exception.Create
 0001:0000A758       Exception.CreateFmt
 0001:0000A7D8       Exception.CreateRes
 0001:0000A814       Exception.CreateResFmt
 0002:0000201C       ExceptionClass
 0001:0000A4BC       ExceptionErrorMessage
 0002:0000025C       ExceptMap
 0001:00001AE8       ExceptObject
 0002:00002010       ExceptObjProc
 0002:00002004       ExceptProc
 0001:000055C4       ExcludeClipRect
 0002:00000000       ExitCode
 0001:00003098       ExitDll
 0002:00002044       ExitProc
 0001:00000234       ExitProcess
 0002:00002024       ExitProcessProc
 0002:00000138       ExitProcList
 0001:0000022C       ExitThread
 0001:00007684       ExpandFileName
 0001:000272AC       ExtActns
 0001:00026EBC       ExtCtrls
 0001:00027118       ExtDlgs
 0001:0000764C       ExtractFileName
 0001:000055CC       ExtTextOut
 0002:0000278C       FalseBoolStrs
 0002:00002A88       FClipboard
 0002:0000016C       FCon1E18
 0001:000075BC       FileClose
 0001:00007524       FileCreate
 0001:00007500       FileCreate
 0002:000006D0       FileFormats
 0002:0000000C       FileMode
 0001:000074A8       FileOpen
 0001:0000752C       FileRead
 0002:000003E0       FilerSignature
 0001:00007584       FileSeek
 0001:00007558       FileWrite
 0001:00000EA8       FillAfterGap
 0001:00000E48       FillBeforeGap
 0001:00000F48       FillerSizeAfterGap
 0001:00000ED0       FillerSizeBeforeGap
 0001:00005834       FillRect
 0001:00026EEC       Finalization
 0001:00026E74       Finalization
 0001:00005210       Finalization
 0001:00044338       Finalization
 0001:000273EC       Finalization
 0001:00005198       Finalization
 0001:00051B84       Finalization
 0001:00027E2C       Finalization
 0001:00029BC8       Finalization
 0001:0000618C       Finalization
 0001:00024894       Finalization
 0001:00005E7C       Finalization
 0001:00024288       Finalization
 0001:00029D30       Finalization
 0001:00005E44       Finalization
 0001:00024250       Finalization
 0001:00026F24       Finalization
 0001:00024218       Finalization
 0001:000241E0       Finalization
 0001:0002A9B4       Finalization
 0001:000241A8       Finalization
 0001:00024170       Finalization
 0001:00024138       Finalization
 0001:00004F68       Finalization
 0001:00024100       Finalization
 0001:00019E3C       Finalization
 0001:000240C8       Finalization
 0001:0001A1D8       Finalization
 0001:00024058       Finalization
 0001:00026FB8       Finalization
 0001:00027088       Finalization
 0001:000270E8       Finalization
 0001:00052298       Finalization
 0001:000522D0       Finalization
 0001:00027138       Finalization
 0001:000271A0       Finalization
 0001:0003DD48       Finalization
 0001:0003C640       Finalization
 0001:0000CEBC       Finalization
 0001:00027204       Finalization
 0001:00010258       Finalization
 0001:0000C500       Finalization
 0001:0002725C       Finalization
 0001:00021450       Finalization
 0001:00021630       Finalization
 0001:0003B310       Finalization
 0001:000218E8       Finalization
 0001:000219DC       Finalization
 0001:000236D4       Finalization
 0001:00010200       Finalization
 0001:0002215C       Finalization
 0001:0002219C       Finalization
 0001:00023528       Finalization
 0001:00023184       Finalization
 0001:000231CC       Finalization
 0001:00023204       Finalization
 0001:0000F81C       Finalization
 0001:000508F8       Finalization
 0001:0000FA38       Finalization
 0001:000272B4       Finalization
 0001:000040BC       FinalizeArray
 0001:00002EAC       FinalizeUnits
 0001:00042AA8       Find
 0001:000043A8       FindBS
 0001:000124CC       FindClass
 0001:00004310       FindClassHInstance
 0001:00000244       FindClose
 0001:00000E04       FindCommitted
 0001:0002CB78       FindControl
 0001:00039184       FindControlAtPos
 0001:0000F674       FindCustomVariantType
 0001:0000F72C       FindCustomVariantType
 0001:0002E544       FindDragTarget
 0001:000164B0       FindExistingComponent
 0001:0000024C       FindFirstFile
 0001:000128B8       FindGlobalComponent
 0001:000464E0       FindGlobalComponent
 0002:00002860       FindGlobalComponentProcs
 0001:000042E8       FindHInstance
 0001:00012760       FindIdentToInt
 0002:00002A74       FindMsg
 0001:00015640       FindNestedComponent
 0001:0003ECB0       FindPopupControl
 0001:0000CB84       FindProc
 0001:0000536C       FindResource
 0001:00004360       FindResourceHInstance
 0001:00050128       FindScanline
 0001:00046438       FindTopMostWindow
 0001:00017394       FindUniqueName
 0001:0002E510       FindVCLWindow
 0001:0000583C       FindWindow
 0001:0002A794       FindWinHelp
 0001:0001E9FC       FixupBitFields
 0002:00000C38       Flags
 0002:0000279C       FLanguages
 0001:00023558       FlatSB
 0002:00002944       FlatSB_EnableScrollBar
 0002:00002950       FlatSB_GetScrollInfo
 0002:00002954       FlatSB_GetScrollPos
 0002:0000294C       FlatSB_GetScrollRange
 0002:0000295C       FlatSB_SetScrollInfo
 0002:00002958       FlatSB_SetScrollPos
 0001:00023248       FlatSB_SetScrollProp
 0002:00002960       FlatSB_SetScrollRange
 0002:00002948       FlatSB_ShowScrollBar
 0001:00008240       FloatToDecimal
 0001:00008580       FloatToStr
 0001:00007F6C       FloatToText
 0001:00001D58       Flush
 0002:00000180       FMSecsPerDay
 0001:00007E60       FmtStr
 0002:00000C54       FocusCount
 0002:00000C50       FocusMessages
 0002:000005EC       FontCharsets
 0002:000028DC       FontManager
 0001:000464B4       ForegroundTask
 0002:00000188       Format
 0001:00007E4C       Format
 0001:00007A3C       FormatBuf
 0001:00007A30       FormatClearStr
 0001:000079B4       FormatError
 0002:00000164       FormatErrorStrs
 0001:00005374       FormatMessage
 0001:00007A0C       FormatVarToStr
 0001:00050954       Forms
 0001:00002020       FPower10
 0002:00000720       FPrinter
 0001:00025D60       Frame3D
 0001:00005844       FrameRect
 0001:0000C0E0       FreeAndNil
 0001:00000B04       FreeCommitted
 0001:0000113C       FreeCurAlloc
 0001:0002E604       FreeDeviceContext
 0001:0002E6C0       FreeDeviceContexts
 0001:00019C08       FreeIntConstList
 0001:0000537C       FreeLibrary
 0001:00000254       FreeLibrary
 0001:0001E558       FreeMemoryContexts
 0001:00019D3C       FreeObjectInstance
 0001:0000539C       FreeResource
 0001:000006D4       FreeSpace
 0001:0000BBE0       FreeTerminateProcs
 0001:0002370C       FreeThemeLibrary
 0002:00002AE8       FRichEditModule
 0001:0001CFF0       GDICheck
 0001:0001CF48       GDIError
 0001:00001CE0       Get8087CW
 0001:000053A4       GetACP
 0001:0000584C       GetActiveWindow
 0001:0004DD2C       GetAnimation
 0001:000055D4       GetBitmapBits
 0001:00000390       GetBlockDesc
 0001:000055DC       GetBrushOrgEx
 0001:00005854       GetCapture
 0001:0002CE40       GetCaptureControl
 0001:00012478       GetClass
 0001:0000585C       GetClassInfo
 0001:00005864       GetClassName
 0001:0000586C       GetClientRect
 0001:000055E4       GetClipBox
 0001:0000032C       GetCmdShow
 0001:0003C810       GetColor
 0001:0002738C       GetComCtlVersion
 0001:0000025C       GetCommandLine
 0001:00000918       GetCommitted
 0001:000009C0       GetCommittedAt
 0001:00033C98       GetControlAtPos
 0001:00008AE8       GetCount
 0001:000053AC       GetCPInfo
 0001:000055EC       GetCurrentPositionEx
 0001:000053B4       GetCurrentProcessId
 0002:00002A28       GetCurrentThemeName
 0001:000053BC       GetCurrentThreadId
 0001:0000030C       GetCurrentThreadId
 0001:00005C08       GetCurrentTime
 0001:00005874       GetCursor
 0001:00050138       GetCursorHeightMargin
 0001:0000587C       GetCursorPos
 0001:00008B18       GetDate
 0001:000053C4       GetDateFormat
 0001:000097C8       GetDateOrder
 0001:00005884       GetDC
 0001:0000588C       GetDCEx
 0001:000055F4       GetDCOrgEx
 0001:00021058       GetDefFontCharSet
 0001:00005894       GetDesktopWindow
 0001:0000560C       GetDeviceCaps
 0001:0001DF58       GetDIB
 0001:000055FC       GetDIBColorTable
 0001:00005604       GetDIBits
 0001:0001DEA0       GetDIBSizes
 0001:0001D160       GetDInColors
 0001:000053CC       GetDiskFreeSpaceA
 0002:00000134       GetDiskFreeSpaceEx
 0001:0003A43C       GetDockAlign
 0001:0002D7E8       GetDockSiteAtPos
 0001:0002DB14       GetDropCtl
 0001:000026B0       GetDynaMethod
 0001:0000FAA8       GetEnumNameValue
 0001:0000FAF4       GetEnumValue
 0001:0000A1D8       GetEraNamesAndYearOffsets
 0001:0000985C       GetEraYearOffset
 0001:0000AB18       GetExceptionClass
 0001:0000AD04       GetExceptionObject
 0001:000053D4       GetExitCodeThread
 0001:00012400       GetFieldClassTable
 0001:0000AF74       GetFileVersion
 0001:0000553C       GetFileVersionInfo
 0001:00005544       GetFileVersionInfoSize
 0001:0000589C       GetFocus
 0001:0001B9EC       GetFontData
 0001:000058A4       GetForegroundWindow
 0001:0000B788       GetFormatSettings
 0001:000053DC       GetFullPathName
 0001:0001AF34       GetHashCode
 0001:0004B278       GetHelpInfo
 0001:0002261C       GetHelpSystem
 0001:0004DB10       GetHint
 0001:0004DB48       GetHintControl
 0001:000441D8       GetHotkey
 0001:000058AC       GetIconInfo
 0001:000058C4       GetKeyboardLayout
 0001:000058CC       GetKeyboardLayoutList
 0001:000058D4       GetKeyboardState
 0001:0000230C       GetKeyboardType
 0001:000058B4       GetKeyNameText
 0001:000058BC       GetKeyState
 0001:000058DC       GetLastActivePopup
 0001:00038704       GetLastChildZone
 0001:000053E4       GetLastError
 0001:00009F9C       GetLocaleChar
 0001:00000264       GetLocaleInfo
 0001:000053F4       GetLocaleInfo
 0001:00009F50       GetLocaleStr
 0001:000053EC       GetLocalTime
 0001:0002CDFC       GetLongHint
 0001:000058E4       GetMenu
 0001:0004B200       GetMenuHelpContext
 0001:000058EC       GetMenuItemCount
 0001:000058F4       GetMenuItemID
 0001:000058FC       GetMenuItemInfo
 0001:000412F4       GetMenuSize
 0001:00005904       GetMenuState
 0001:0000590C       GetMenuString
 0001:000053FC       GetModuleFileName
 0001:0000026C       GetModuleFileName
 0001:00005090       GetModuleHandle
 0001:00005404       GetModuleHandle
 0001:00000274       GetModuleHandle
 0002:0000290C       GetMonitorInfo
 0002:00002910       GetMonitorInfoA
 0002:00002914       GetMonitorInfoW
 0001:0000A000       GetMonthDayNames
 0001:00005914       GetNextWindow
 0001:00005614       GetObject
 0001:0000FBC8       GetOrdProp
 0001:0000561C       GetPaletteEntries
 0001:0000591C       GetParent
 0001:000466AC       GetParentForm
 0001:00005624       GetPixel
 0001:0000540C       GetProcAddress
 0001:0000027C       GetProcAddress
 0001:00005924       GetProp
 0001:0000FB58       GetPropInfo
 0001:00046B6C       GetRealScrollPosition
 0001:0003C7F0       GetRGBColor
 0001:0000592C       GetScrollInfo
 0001:00005934       GetScrollPos
 0001:0000593C       GetScrollRange
 0001:0002CDB8       GetShortHint
 0001:000005F8       GetSpace
 0001:0000065C       GetSpaceAt
 0001:0003ED40       GetSpecialName
 0001:00000284       GetStartupInfo
 0001:00005414       GetStdHandle
 0001:000001F4       GetStdHandle
 0001:0000562C       GetStockObject
 0001:0000541C       GetStringTypeEx
 0001:00005944       GetSubMenu
 0001:0000594C       GetSysColor
 0001:00005954       GetSysColorBrush
 0001:00005424       GetSystemInfo
 0001:0000595C       GetSystemMenu
 0002:000028FC       GetSystemMetrics
 0001:00005964       GetSystemMetrics
 0001:00005634       GetSystemPaletteEntries
 0001:0000563C       GetTextExtentPoint32
 0001:00005644       GetTextMetrics
 0002:00002A20       GetThemeAppProperties
 0002:0000298C       GetThemeBackgroundContentRect
 0002:00002990       GetThemeBackgroundExtent
 0002:000029A0       GetThemeBackgroundRegion
 0002:000029C4       GetThemeBool
 0002:000029B8       GetThemeColor
 0002:00002A2C       GetThemeDocumentationProperty
 0002:000029CC       GetThemeEnumValue
 0002:000029EC       GetThemeFilename
 0002:000029D4       GetThemeFont
 0002:000029C8       GetThemeInt
 0002:000029E0       GetThemeIntList
 0002:000029DC       GetThemeMargins
 0002:000029BC       GetThemeMetric
 0002:00002994       GetThemePartSize
 0002:000029D0       GetThemePosition
 0002:000029E4       GetThemePropertyOrigin
 0002:000029D8       GetThemeRect
 0002:000029C0       GetThemeString
 0002:000029F8       GetThemeSysBool
 0002:000029F0       GetThemeSysColor
 0002:000029F4       GetThemeSysColorBrush
 0002:00002A00       GetThemeSysFont
 0002:00002A08       GetThemeSysInt
 0002:000029FC       GetThemeSysSize
 0002:00002A04       GetThemeSysString
 0002:00002998       GetThemeTextExtent
 0002:0000299C       GetThemeTextMetrics
 0001:0000028C       GetThreadLocale
 0001:0000542C       GetThreadLocale
 0001:00005434       GetTickCount
 0001:00000324       GetTickCount
 0001:00008B50       GetTime
 0001:000050BC       GetTlsSize
 0001:0004E2F0       GetTopMostWindows
 0001:0002CF48       GetTopParent
 0001:0000596C       GetTopWindow
 0001:0000FA9C       GetTypeData
 0001:0000543C       GetVersion
 0001:00000314       GetVersion
 0001:00005444       GetVersionEx
 0001:00005974       GetWindow
 0001:0000597C       GetWindowDC
 0001:00005984       GetWindowLong
 0001:0000564C       GetWindowOrgEx
 0001:0000598C       GetWindowPlacement
 0001:00005994       GetWindowRect
 0001:0000599C       GetWindowText
 0002:00002A14       GetWindowTheme
 0001:000059AC       GetWindowThreadProcessId
 0001:000059A4       GetWindowThreadProcessId
 0001:0000544C       GlobalAddAtom
 0001:00005454       GlobalAlloc
 0001:00005C14       GlobalAllocPtr
 0001:0000545C       GlobalDeleteAtom
 0001:00005464       GlobalFindAtom
 0002:00002864       GlobalFixupList
 0001:00015788       GlobalFixupReferences
 0001:0000546C       GlobalFree
 0001:00005C40       GlobalFreePtr
 0001:0000547C       GlobalHandle
 0001:00005474       GlobalLock
 0002:00002848       GlobalNameSpace
 0001:00005484       GlobalReAlloc
 0001:00005C24       GlobalReAllocPtr
 0001:0000548C       GlobalUnlock
 0001:00021524       Graphics
 0001:000125F4       GroupDescendentsWith
 0001:0004B480       HandleEdge
 0001:00016BEC       HandleException
 0002:00000028       HeapAllocFlags
 0002:000034E0       HeapArray
 0002:000025C4       heapErrorCode
 0002:000025C8       heapLock
 0001:000231C4       HelpIntfs
 0002:00002938       HelpManager
 0002:00002A70       HelpMsg
 0002:00002B0C       HelpViewer
 0002:00002B10       HelpViewerIntf
 0002:00000130       HexDisplayPrefix
 0001:0003A4B8       HideZone
 0002:00002664       HInstance
 0002:00002BC8       HintDoneEvent
 0001:0004DC18       HintGetMsgHook
 0002:00002BCC       HintHook
 0001:0004DBBC       HintMouseThread
 0002:00002BD0       HintThread
 0002:00002BC4       HintThreadID
 0001:0004DB68       HintTimerProc
 0002:00000C48       HintWindowClass
 0002:000029A4       HitTestThemeBackground
 0001:0004DC5C       HookHintHooks
 0001:00005D4C       HwndMSWheel
 0002:00000BDC       IBreaks
 0002:00000BE8       IChecks
 0002:00000BF0       IDefaults
 0001:0001B9DC       IdentToCharset
 0001:0001B7D4       IdentToColor
 0001:0002CDA8       IdentToCursor
 0001:000127DC       IdentToInt
 0002:00000BF8       IEnables
 0001:00042098       IfHotkeyAvailable
 0002:00002BA0       ImageListWriteExProc
 0001:00021938       ImageList_Add
 0001:00021958       ImageList_AddIcon
 0001:0002197C       ImageList_BeginDrag
 0001:00021920       ImageList_Create
 0001:00021928       ImageList_Destroy
 0001:0002198C       ImageList_DragEnter
 0001:00021994       ImageList_DragLeave
 0001:0002199C       ImageList_DragMove
 0001:000219AC       ImageList_DragShowNolock
 0001:00021964       ImageList_Draw
 0001:0002196C       ImageList_DrawEx
 0001:00021984       ImageList_EndDrag
 0001:00021950       ImageList_GetBkColor
 0001:000219B4       ImageList_GetDragImage
 0001:000219CC       ImageList_GetIconSize
 0001:00021930       ImageList_GetImageCount
 0001:000219BC       ImageList_Read
 0001:00021974       ImageList_Remove
 0001:00021940       ImageList_ReplaceIcon
 0001:00021948       ImageList_SetBkColor
 0001:000219A4       ImageList_SetDragCursorImage
 0001:000219D4       ImageList_SetIconSize
 0001:000219C4       ImageList_Write
 0002:00000B4C       Images
 0001:0003DD78       ImgList
 0001:000221CC       Imm
 0002:00000B30       IMM32DLL
 0001:0003B0A8       Imm32IsIME
 0002:00000184       IMSecsPerDay
 0001:0000DA04       InBounds
 0001:0000DCA4       InBounds
 0001:0000DA34       Increment
 0001:0000DCD4       Increment
 0001:000059B4       InflateRect
 0001:00027180       IniFiles
 0001:00000B98       InitAllocator
 0001:00021A14       InitAnApi
 0002:00002924       InitApis
 0001:00012A84       InitComponent
 0002:00002634       InitContext
 0001:0003B144       InitControls
 0001:0002109C       InitDefFontData
 0001:0000BC0C       InitDriveSpacePtr
 0001:0000ADE0       InitExceptions
 0001:000232A4       InitFlatSB
 0001:00024740       InitGlobals
 0001:0001DD58       InitializeBitmapInfoHeader
 0001:00000370       InitializeCriticalSection
 0001:00005494       InitializeCriticalSection
 0002:000025C0       initialized
 0001:0002327C       InitializeFlatSB
 0001:00005148       InitializeModule
 0001:0000CBB0       InitializeVarUtils
 0001:0003AD48       InitIMM32
 0001:00012B2C       InitInheritedComponent
 0001:0000B598       InitLeadBytes
 0001:000220F0       InitMultiMonStubs
 0001:0000AEE4       InitPlatformId
 0002:00002040       InitProc
 0001:0005086C       InitProcs
 0001:00021020       InitScreenLogPixels
 0001:0000B610       InitSysLocale
 0001:000238CC       InitThemeLibrary
 0001:000184F8       InitThreadSynchronization
 0001:000050C4       InitThreadTLS
 0001:00002F1C       InitUnits
 0001:0002CA8C       InitWndProc
 0002:00000AD0       InnerStyles
 0002:0000204C       Input
 0002:00003148       InsertArray
 0001:0004D640       InsertBefore
 0001:000324D4       InsertBefore
 0001:00001044       InsertFree
 0001:0004214C       InsertHotkeyFarEastFormat
 0001:000059BC       InsertMenu
 0001:000059C4       InsertMenuItem
 0002:00002884       InstBlockList
 0002:00002888       InstFreeList
 0002:00002858       IntConstList
 0001:0000BC74       InterlockedDecrement
 0001:00000304       InterlockedDecrement
 0001:00005384       InterlockedDecrement
 0001:0000BC80       InterlockedExchange
 0001:0000538C       InterlockedExchange
 0001:0000BC88       InterlockedExchangeAdd
 0001:00005394       InterlockedIncrement
 0001:000002FC       InterlockedIncrement
 0001:0000BC68       InterlockedIncrement
 0001:0001AEC0       InternalDeletePalette
 0001:00001D10       InternalFlush
 0001:00000E84       InternalFreeMem
 0001:0001DEA8       InternalGetDIB
 0001:0001DE3C       InternalGetDIBSizes
 0001:0001291C       InternalReadComponentRes
 0002:00002AF4       InternalServices
 0001:0000379C       InternalUniqueString
 0001:00005654       IntersectClipRect
 0001:000059CC       IntersectRect
 0001:00007258       IntToHex
 0001:0001281C       IntToIdent
 0001:00007230       IntToStr
 0001:00007144       IntToStr
 0001:000059D4       InvalidateRect
 0001:0001CEDC       InvalidBitmap
 0001:0001CEC4       InvalidGraphic
 0001:0001CEE8       InvalidIcon
 0001:0001CEAC       InvalidOperation
 0001:00011988       InvalidPoint
 0002:00002798       InvalidPointer
 0001:0000255C       InvokeImplGetter
 0001:00001C48       IOResult
 0002:00000C18       IOwnerDraw
 0002:00000C00       IRadios
 0002:00000C10       IRTL
 0001:0004663C       IsAccel
 0001:0004332C       IsAccelChar
 0002:00002A10       IsAppThemed
 0001:0002D5A0       IsBeforeTargetWindow
 0001:000059DC       IsChild
 0002:00002048       IsConsole
 0001:0002D9FC       IsDelphiHandle
 0001:000059E4       IsDialogMessage
 0002:00000C08       ISeparators
 0001:000059EC       IsIconic
 0001:00043388       IsInitialChar
 0001:00008780       IsLeapYear
 0002:00002034       IsLibrary
 0002:00002049       IsMultiThread
 0001:00038168       IsOrientationSet
 0001:000059F4       IsRectEmpty
 0001:0002D7A4       IsSiteChildOfClient
 0002:00002A0C       IsThemeActive
 0002:000029B4       IsThemeBackgroundPartiallyTransparent
 0002:00002A1C       IsThemeDialogTextureEnabled
 0002:000029B0       IsThemePartDefined
 0001:000128F8       IsUniqueGlobalComponentName
 0002:0000284C       IsUniqueGlobalComponentNameProc
 0001:00007094       IsValidIdent
 0001:0000B5F8       IsWesternGroup
 0001:000059FC       IsWindow
 0001:00005A04       IsWindowEnabled
 0001:00005A0C       IsWindowVisible
 0001:00005A14       IsZoomed
 0001:0003F10C       Iterate
 0001:0003F16C       IterateMenus
 0002:00000030       JITEnable
 0001:000465F0       KeyboardStateToShiftState
 0001:000465B4       KeyDataToShiftState
 0001:00046560       KeysToShiftState
 0001:00005A1C       KillTimer
 0001:000075FC       LastDelimiter
 0001:0000B524       LCIDToCodePage
 0001:00004EF4       LCIDToCodePage
 0002:00000110       LeadBytes
 0001:00000380       LeaveCriticalSection
 0001:0000549C       LeaveCriticalSection
 0002:00000038       LibModuleList
 0001:0000565C       LineTo
 0001:000272E4       ListActns
 0001:0002E58C       ListAdd
 0001:0002E5B4       ListRemove
 0002:0000274E       ListSeparator
 0001:00005A24       LoadBitmap
 0001:00005A2C       LoadCursor
 0001:00005A34       LoadIcon
 0001:00005A3C       LoadKeyboardLayout
 0001:000054A4       LoadLibrary
 0001:00000294       LoadLibraryEx
 0001:000054AC       LoadResource
 0001:000045AC       LoadResourceModule
 0001:00004E9C       LoadResString
 0001:00005A44       LoadString
 0001:0000029C       LoadString
 0001:00000350       LocalAlloc
 0001:00005098       LocalAlloc
 0001:00000358       LocalFree
 0001:00009FC4       LocalGetLocaleStr
 0002:00002A44       Lock
 0001:000054B4       LockResource
 0002:00002690       LongDateFormat
 0002:00002724       LongDayNames
 0002:000026D8       LongMonthNames
 0002:000026A4       LongTimeFormat
 0001:00006E84       LowerCase
 0001:00005534       lstrcpy
 0001:000002A4       lstrcpyn
 0002:00002820       LVarTypes
 0002:00002824       LVarTypeSync
 0002:0000202C       MainInstance
 0002:00002030       MainThreadID
 0001:00000414       MakeEmpty
 0001:0000303C       MakeErrorMessage
 0002:00000B1C       MakeLast
 0001:00005BFC       MakeLong
 0001:00019CA4       MakeObjectInstance
 0001:00005C54       MakeROP4
 0001:00005C8C       MakeWParam
 0001:0000AA98       MapException
 0001:00027254       Mapi
 0002:00000960       MAPIDLL
 0002:00000964       MAPIModule
 0001:00002D24       MapToRunError
 0001:00005A4C       MapVirtualKey
 0001:00005A54       MapWindowPoints
 0002:00000B54       Mask
 0001:00005664       MaskBlt
 0001:00021660       Math
 0001:00021628       Max
 0001:00048F0C       MaximizedChildren
 0002:00000040       MemoryManager
 0002:00000B70       MenuKeyCaps
 0001:000443A8       Menus
 0001:0005141C       Merge
 0002:00003314       MergeArray
 0001:000004AC       MergeBlockAfter
 0001:00001188       MergeCommit
 0001:00051694       MergeSort
 0001:0000023C       MessageBox
 0001:00005A5C       MessageBox
 0001:00005EAC       Messages
 0001:00013190       Min
 0001:00021620       Min
 0001:00031E1C       MinVar
 0002:0000292C       MMAvailable
 0002:00000B34       ModeMap
 0001:0004AC0C       ModifySystemMenu
 0002:000000A8       Module
 0002:00002661       ModuleIsCpp
 0002:00002660       ModuleIsLib
 0001:00019C74       ModuleUnload
 0002:0000003C       ModuleUnloadList
 0002:00002908       MonitorFromPoint
 0002:00002904       MonitorFromRect
 0002:00002900       MonitorFromWindow
 0002:000000E0       MonthDays
 0002:00002B14       Mouse
 0001:00001C68       Move
 0001:0000566C       MoveToEx
 0001:0002E5D4       MoveWindowOrg
 0001:00005A64       MsgWaitForMultipleObjects
 0001:000054BC       MulDiv
 0001:000002B4       MultiByteToWideChar
 0001:000502F8       MultiLineWidth
 0001:0002218C       MultiMon
 0002:00002685       NegCurrFormat
 0001:00001214       NewCommit
 0001:00001240       NewCommitAt
 0002:00002B18       NewStyleControls
 0001:0000B35C       NextCharIndex
 0001:0003814C       NextVisibleZone
 0002:000003E4       NilMethod
 0002:00000034       NoErrMsg
 0001:0003FF20       NormalDraw
 0001:000028DC       NotifyAnyExcept
 0001:000028B0       NotifyExcept
 0001:00002910       NotifyExceptFinally
 0001:000129F8       NotifyGlobalLoading
 0001:000048E8       NotifyModuleUnload
 0001:0000288C       NotifyNonDelphiException
 0001:000028C8       NotifyOnExcept
 0001:00002870       NotifyReRaise
 0001:00002938       NotifyTerminate
 0001:00002954       NotifyUnhandled
 0001:00042CD8       NthParentOf
 0001:0000F814       Null
 0002:00000320       NullAsStringValue
 0002:0000031C       NullStrictConvert
 0001:0002CB44       ObjectFromHWnd
 0001:00005A6C       OemToAnsi
 0001:00005A74       OffsetRect
 0002:0000297C       OpenThemeData
 0002:00000B14       OrientArray
 0002:00000AE0       OuterStyles
 0002:00002794       OutOfMemory
 0001:0001CEF4       OutOfResources
 0002:00002218       Output
 0002:00000324       PackVarCreation
 0001:00050CD4       PaintLine
 0002:000006E0       Pal16
 0001:0001B2C8       PaletteChanged
 0001:0001D6EC       PaletteFromDIBColorTable
 0001:0001D790       PaletteToDIBColorTable
 0002:000006DC       PalSize
 0001:00038530       ParentNotLast
 0001:00005674       PatBlt
 0002:000028EC       PatternManager
 0001:00005A7C       PeekMessage
 0002:000028E0       PenManager
 0002:000006AC       PenModes
 0002:0000068C       PenStyles
 0001:000051EC       Point
 0001:00011910       Point
 0001:00011D48       PointerInModule
 0001:000336B8       PointsEqual
 0001:00005C74       PointToSmallPoint
 0001:0000567C       Polyline
 0002:00002BA4       PopupList
 0001:00005A84       PostMessage
 0001:00005A8C       PostQuitMessage
 0001:00023240       Printers
 0001:0004C320       ProcessExecute
 0001:0004686C       ProcessHorz
 0001:0004C420       ProcessUpdate
 0001:000468D8       ProcessVert
 0001:00015A84       PropertyNotFound
 0001:00016CEC       PropPathError
 0002:00000C78       Props
 0001:00015A78       PropValueError
 0001:00005A94       PtInRect
 0002:000000A4       PtrToNil
 0001:00007F28       PutExponent
 0002:00002B5C       QualifyingSites
 0001:0000031C       QueryPerformanceCounter
 0001:000511A4       QuickSort
 0002:00002F7C       QuickSortArray
 0001:0000AA54       RaiseAssertException
 0001:00014A98       RaiseException
 0001:000001FC       RaiseException
 0002:00002014       RaiseExceptionProc
 0001:0000BB08       RaiseLastOSError
 0001:00001CA8       Randomize
 0002:00000008       RandSeed
 0001:000392A0       ReadControlName
 0001:00017F2C       ReadCustomVariant
 0001:00015A60       ReadError
 0001:000054C4       ReadFile
 0001:0001DA44       ReadIcon
 0001:00005684       RealizePalette
 0001:000162A0       Recover
 0001:000051D0       Rect
 0001:00011938       Rect
 0001:00005694       Rectangle
 0001:0000568C       RectVisible
 0001:00005A9C       RedrawWindow
 0002:00002818       RefAnyProc
 0002:00002A40       ReferenceCount
 0001:00005314       RegCloseKey
 0001:000002BC       RegCloseKey
 0002:0000285C       RegGroups
 0001:00005AA4       RegisterClass
 0001:000124EC       RegisterClass
 0001:00005AAC       RegisterClipboardFormat
 0001:0002D944       RegisterDockSite
 0001:00012860       RegisterFindGlobalComponentProc
 0001:00012734       RegisterIntegerConsts
 0001:00004944       RegisterModule
 0001:00022598       RegisterViewer
 0001:00005AB4       RegisterWindowMessage
 0001:000271E8       Registry
 0001:0000531C       RegOpenKeyEx
 0001:000002C4       RegOpenKeyEx
 0001:000002CC       RegQueryValueEx
 0001:00005324       RegQueryValueEx
 0001:000241A0       RegStr
 0001:00005ABC       ReleaseCapture
 0001:00005AC4       ReleaseDC
 0002:0000004C       reMap
 0002:00002618       remBytes
 0001:00000534       RemoveBlock
 0002:000003C0       RemoveDataModule
 0001:00015930       RemoveFixupReferences
 0001:000159DC       RemoveFixups
 0001:00015CD4       RemoveGlobalFixup
 0001:00005ACC       RemoveMenu
 0001:00004838       RemoveModuleUnloadProc
 0001:00004860       RemoveModuleUnloadProc
 0001:00005AD4       RemoveProp
 0001:00018584       RemoveThread
 0001:000054CC       ResetEvent
 0001:00018544       ResetSyncEvent
 0001:00001778       ResizeInPlace
 0001:0000569C       RestoreDC
 0001:000461F4       RestoreFocusState
 0001:000054D4       ResumeThread
 0001:0003ECE0       ReturnAddr
 0001:00013934       ReturnAddr
 0001:00012CBC       ReturnAddr
 0001:0001D470       RGBQuadToTriple
 0001:0001D428       RGBTripleToQuad
 0001:000240F8       RichEdit
 0002:00002B2C       RM_GetObjectInstance
 0002:00002BC0       RM_TaskbarCreated
 0002:00002614       rover
 0002:00000968       RTFConversionFormat
 0001:0000FA68       RTLConsts
 0001:00000204       RtlUnwind
 0002:00002018       RTLUnwindProc
 0002:00000070       runErrMsg
 0001:00001B70       RunErrorAt
 0001:0000CB64       SafeArrayCreate
 0001:0000CB6C       SafeArrayGetLBound
 0001:0000CB74       SafeArrayGetUBound
 0001:0000CB7C       SafeArrayPtrOfIndex
 0001:0000C1AC       SafeLoadLibrary
 0001:00006F78       SameText
 0001:000056A4       SaveDC
 0001:000461E4       SaveFocusState
 0001:0000964C       ScanBlanks
 0001:00009790       ScanChar
 0001:0000990C       ScanDate
 0001:00009670       ScanNumber
 0001:00009704       ScanString
 0001:00009C50       ScanTime
 0001:00009814       ScanToNumber
 0002:00002BB8       Screen
 0002:00002898       ScreenLogPixels
 0001:00005ADC       ScreenToClient
 0001:00046A24       ScrollBarVisible
 0001:00005AE4       ScrollWindow
 0001:00001274       SearchSmallBlocks
 0002:00002DB0       SelectionSortArray
 0001:000056AC       SelectObject
 0001:000056B4       SelectPalette
 0001:0002CBD4       SendAppMessage
 0001:00046474       SendFocusMessage
 0001:00005AEC       SendMessage
 0002:00000BD4       Separators
 0001:00001CD0       Set8087CW
 0001:00005AF4       SetActiveWindow
 0001:0004DD5C       SetAnimation
 0001:000056BC       SetBkColor
 0001:000056C4       SetBkMode
 0001:000056CC       SetBrushOrgEx
 0001:00005AFC       SetCapture
 0001:0002CE68       SetCaptureControl
 0001:00005B04       SetClassLong
 0001:0000F3A0       SetClearVarToEmptyParam
 0001:00016410       SetCompName
 0001:00005B0C       SetCursor
 0001:000056D4       SetDIBColorTable
 0001:000054DC       SetEndOfFile
 0001:000054E4       SetErrorMode
 0001:000054EC       SetEvent
 0001:00002E64       SetExceptionHandler
 0001:000054F4       SetFilePointer
 0001:0000FECC       SetFloatProp
 0001:00005B14       SetFocus
 0001:00005B1C       SetForegroundWindow
 0001:0003AFCC       SetImeMode
 0001:00001BF4       SetInOutRes
 0001:00010150       SetInt64Prop
 0001:0001018C       SetInterfaceProp
 0001:00016FCC       SetInterfaceReference
 0001:00016EE8       SetIntIdent
 0002:00000C4C       SetLayeredWindowAttributes
 0001:0000FD34       SetLongStrProp
 0001:00005B24       SetMenu
 0001:00005B2C       SetMenuItemInfo
 0001:00010118       SetMethodProp
 0001:00016F30       SetObjectIdent
 0001:0000FC3C       SetOrdProp
 0001:00005B34       SetParent
 0001:000056DC       SetPixel
 0001:00005B3C       SetProp
 0001:00005B44       SetRect
 0001:000056E4       SetROP2
 0001:00005B4C       SetScrollInfo
 0001:00005B54       SetScrollPos
 0001:00005B5C       SetScrollRange
 0001:0000FC98       SetShortStrProp
 0001:0000FCEC       SetShortStrPropAsLongStr
 0001:000056EC       SetStretchBltMode
 0001:0000FDCC       SetStrProp
 0001:00016218       SetSubComponentState
 0001:000056F4       SetTextColor
 0002:00002A24       SetThemeAppProperties
 0001:000054FC       SetThreadLocale
 0001:00005B64       SetTimer
 0001:0000F388       SetVarAsError
 0001:000100D8       SetVariantProp
 0001:00016F70       SetVariantReference
 0001:000056FC       SetViewportOrgEx
 0001:0004FDFC       SetVisible
 0001:0000FDF8       SetWideStrProp
 0001:0000FD74       SetWideStrPropAsLongStr
 0001:00005B6C       SetWindowLong
 0001:00005704       SetWindowOrgEx
 0001:00005B74       SetWindowPlacement
 0001:00005B7C       SetWindowPos
 0001:00005B84       SetWindowsHookEx
 0002:000029E8       SetWindowTheme
 0002:00000150       ShareMode
 0001:00024168       ShellAPI
 0002:00002AE4       ShellModule
 0001:00024248       ShlObj
 0001:0003ED08       ShortCut
 0002:00002BA8       ShortCutItems
 0001:0003ED94       ShortCutToText
 0002:0000268C       ShortDateFormat
 0002:00002708       ShortDayNames
 0002:000026A8       ShortMonthNames
 0002:000026A0       ShortTimeFormat
 0002:00000CAC       ShowCommands
 0002:00000CC4       ShowCommands
 0002:00000CB8       ShowCommands
 0001:00005B8C       ShowCursor
 0001:0000A654       ShowException
 0002:00000AC8       ShowFlags
 0002:00000D60       ShowFlags
 0001:000461FC       ShowMDIClientEdge
 0001:00005B94       ShowOwnedPopups
 0001:00005B9C       ShowScrollBar
 0001:00005BA4       ShowWindow
 0001:0004DD84       ShowWinNoAnimate
 0001:0003A538       ShowZone
 0001:0001856C       SignalSyncEvent
 0002:00000B28       SizeCursors
 0001:00005504       SizeofResource
 0001:00017A60       SkipBinary
 0001:00017A90       SkipCollection
 0001:00017A38       SkipList
 0001:0000550C       Sleep
 0001:0000BB00       Sleep
 0001:00011928       SmallPoint
 0001:00005C60       SmallPointToPoint
 0002:00002620       smallTab
 0001:00051BB4       SortThds
 0002:000025E8       spaceRoot
 0001:000125A8       StartClassGroup
 0001:00029D60       StdActns
 0001:00029BF8       StdCtrls
 0001:00019C7C       StdWndProc
 0002:000028A0       StockBrush
 0002:000028A4       StockFont
 0002:000028A8       StockIcon
 0002:0000289C       StockPen
 0001:00007948       StrAlloc
 0001:0000795C       StrBufSize
 0001:0000B0FC       StrByteType
 0001:0000B2EC       StrCharLength
 0001:0000782C       StrComp
 0001:0000777C       StrCopy
 0001:000079A4       StrDispose
 0001:0003D4C4       StreamsEqual
 0001:00007758       StrEnd
 0001:0000570C       StretchBlt
 0001:00007DB4       StrFmt
 0001:00007850       StrIComp
 0001:00014934       StringListCompareStrings
 0001:00044140       StripHotkey
 0001:000077A4       StrLCopy
 0001:00007740       StrLen
 0001:00007E00       StrLFmt
 0001:00007890       StrLIComp
 0001:0000776C       StrMove
 0001:00007970       StrNew
 0001:0000B30C       StrNextChar
 0001:000077D8       StrPCopy
 0001:00007804       StrPLCopy
 0001:000078F4       StrPos
 0001:000078D4       StrScan
 0001:00007280       StrToInt
 0001:000072BC       StrToIntDef
 0001:00026FE8       StrUtils
 0002:00000CA0       Styles
 0001:0000C114       Supports
 0001:0000C0F0       Supports
 0002:00002850       SyncEvent
 0002:000003EC       SyncList
 0001:00023704       SyncObjs
 0001:000002E4       SysAllocStringLen
 0001:000061BC       SysConst
 0002:00000C70       SysConsts
 0002:00000C68       SysConsts
 0001:00009F04       SysErrorMessage
 0001:000015A0       SysFreeMem
 0001:000002F4       SysFreeString
 0001:000013F4       SysGetMem
 0001:000051C8       SysInit
 0002:00002740       SysLocale
 0001:0000197C       SysReallocMem
 0001:000002EC       SysReAllocStringLen
 0001:00004FBC       System
 0002:00002890       SystemPalette16
 0001:0001D654       SystemPaletteOverride
 0001:00005BAC       SystemParametersInfo
 0001:0000C680       SysUtils
 0001:0003BE60       TActionLink.IsCaptionLinked
 0001:0003BE74       TActionLink.IsCheckedLinked
 0001:0003BE88       TActionLink.IsEnabledLinked
 0001:0003BE9C       TActionLink.IsGroupIndexLinked
 0001:0003BEB0       TActionLink.IsHelpContextLinked
 0001:0003BEC4       TActionLink.IsHelpLinked
 0001:0003BED8       TActionLink.IsHintLinked
 0001:0003BEEC       TActionLink.IsImageIndexLinked
 0001:0003BF00       TActionLink.IsShortCutLinked
 0001:0003BF14       TActionLink.IsVisibleLinked
 0001:0003BF28       TActionLink.SetAutoCheck
 0001:0003BF2C       TActionLink.SetCaption
 0001:0003BF30       TActionLink.SetChecked
 0001:0003BF34       TActionLink.SetEnabled
 0001:0003BF38       TActionLink.SetGroupIndex
 0001:0003BF3C       TActionLink.SetHelpContext
 0001:0003BF40       TActionLink.SetHelpKeyword
 0001:0003BF44       TActionLink.SetHelpType
 0001:0003BF48       TActionLink.SetHint
 0001:0003BF4C       TActionLink.SetImageIndex
 0001:0003BF50       TActionLink.SetShortCut
 0001:0003BF54       TActionLink.SetVisible
 0001:000503BC       TApplication.ActivateHint
 0001:0004EF2C       TApplication.BringToFront
 0001:00050100       TApplication.CancelHint
 0001:0004E514       TApplication.CheckIniChange
 0001:0004E290       TApplication.ControlDestroyed
 0001:0004DDC4       TApplication.Create
 0001:0004F33C       TApplication.CreateForm
 0001:0004E0E0       TApplication.CreateHandle
 0001:0004DFC4       TApplication.Destroy
 0001:0005078C       TApplication.DispatchAction
 0001:0004FACC       TApplication.DoActionIdle
 0001:0004FB30       TApplication.DoMouseIdle
 0001:0004E360       TApplication.DoNormalizeTopMosts
 0001:0005081C       TApplication.ExecuteAction
 0001:00050750       TApplication.GetCurrentHelpFile
 0001:0004ED60       TApplication.GetIconHandle
 0001:0004EF68       TApplication.GetTitle
 0001:0004F4BC       TApplication.HandleException
 0001:0004F218       TApplication.HandleMessage
 0001:0004FA74       TApplication.HelpCommand
 0001:0004F9EC       TApplication.HelpContext
 0001:0004F95C       TApplication.HelpKeyword
 0001:000500BC       TApplication.HideHint
 0001:0004FF74       TApplication.HintMouseMessage
 0001:00050084       TApplication.HintTimerExpired
 0001:0004F23C       TApplication.HookMainWindow
 0001:000508C8       TApplication.HookSynchronizeWakeup
 0001:0004FD04       TApplication.IconChanged
 0001:0004FBA8       TApplication.Idle
 0001:0004F324       TApplication.Initialize
 0001:0004F78C       TApplication.InvokeHelp
 0001:0004EFB4       TApplication.IsDlgMsg
 0001:0004F0E0       TApplication.IsHintMsg
 0001:0004F028       TApplication.IsKeyMsg
 0001:0004EFD8       TApplication.IsMDIMsg
 0001:0004F114       TApplication.IsShortCut
 0001:0004F54C       TApplication.MessageBox
 0001:0004ED7C       TApplication.Minimize
 0001:0004E43C       TApplication.ModalFinished
 0001:0004E410       TApplication.ModalStarted
 0001:0004E470       TApplication.NormalizeAllTopMosts
 0001:0004E468       TApplication.NormalizeTopMosts
 0001:0004FCC8       TApplication.NotifyForms
 0001:0004F180       TApplication.ProcessMessage
 0001:0004EE2C       TApplication.Restore
 0001:0004E478       TApplication.RestoreTopMosts
 0001:0004F3BC       TApplication.Run
 0001:0004FD68       TApplication.SetHint
 0001:0004FA7C       TApplication.SetShowHint
 0001:0004E56C       TApplication.SettingChange
 0001:0004F6B4       TApplication.ShowException
 0001:0004FF08       TApplication.StartHintTimer
 0001:0004FF4C       TApplication.StopHintTimer
 0001:0004F4A8       TApplication.Terminate
 0001:0004F298       TApplication.UnhookMainWindow
 0001:000508D8       TApplication.UnhookSynchronizeWakeup
 0001:00050844       TApplication.UpdateAction
 0001:0004FE58       TApplication.UpdateVisible
 0001:0004E4FC       TApplication.UseRightToLeftAlignment
 0001:0004E4E4       TApplication.UseRightToLeftReading
 0001:0004FEE0       TApplication.ValidateHelpSystem
 0001:000508B8       TApplication.WakeMainThread
 0001:0004E660       TApplication.WndProc
 0002:00000C58       TaskActiveWindow
 0002:00000C60       TaskFirstTopMost
 0002:00000C5C       TaskFirstWindow
 0002:00000C64       TaskWindowList
 0001:0002D2B8       TBaseDragControlObject.Assign
 0001:0002D294       TBaseDragControlObject.Create
 0001:0002D2E4       TBaseDragControlObject.EndDrag
 0001:0002D310       TBaseDragControlObject.Finished
 0001:00019680       TBasicAction.Change
 0001:0001951C       TBasicAction.Create
 0001:00019560       TBasicAction.Destroy
 0001:000195EC       TBasicAction.Execute
 0001:000195BC       TBasicAction.ExecuteTarget
 0001:000195B8       TBasicAction.HandlesTarget
 0001:000195C0       TBasicAction.Notification
 0001:00019694       TBasicAction.RegisterChanges
 0001:000196E0       TBasicAction.SetActionComponent
 0001:00019624       TBasicAction.SetOnExecute
 0001:000196A0       TBasicAction.UnRegisterChanges
 0001:00019608       TBasicAction.Update
 0001:000195E8       TBasicAction.UpdateTarget
 0001:0001946C       TBasicActionLink.AssignClient
 0001:000194A4       TBasicActionLink.Change
 0001:00019428       TBasicActionLink.Create
 0001:00019470       TBasicActionLink.Destroy
 0001:000194BC       TBasicActionLink.Execute
 0001:00019504       TBasicActionLink.IsOnExecuteLinked
 0001:000194D8       TBasicActionLink.SetAction
 0001:00019508       TBasicActionLink.SetOnExecute
 0001:00019510       TBasicActionLink.Update
 0001:00025E94       TBevel.Create
 0001:00026068       TBevel.Paint
 0001:00025F1C       TBevel.SetShape
 0001:00025F00       TBevel.SetStyle
 0001:0001F3C0       TBitmap.Assign
 0001:0001F59C       TBitmap.Changed
 0001:0001F578       TBitmap.Changing
 0001:0001F4B8       TBitmap.CopyImage
 0001:0001F31C       TBitmap.Create
 0001:0001F384       TBitmap.Destroy
 0001:0001FA28       TBitmap.DIBNeeded
 0001:0001F5A8       TBitmap.Dormant
 0001:0001F61C       TBitmap.Draw
 0001:0001FA9C       TBitmap.FreeContext
 0001:0001F86C       TBitmap.FreeImage
 0001:0001F8EC       TBitmap.GetCanvas
 0001:0001F8D0       TBitmap.GetEmpty
 0001:0001F934       TBitmap.GetHandle
 0001:0001F958       TBitmap.GetHandleType
 0001:0001F984       TBitmap.GetHeight
 0001:0001F994       TBitmap.GetMaskHandle
 0001:0001F9A8       TBitmap.GetMonochrome
 0001:0001F9C4       TBitmap.GetPalette
 0001:0001F9D8       TBitmap.GetTransparentColor
 0001:0001FA20       TBitmap.GetWidth
 0001:0001FAAC       TBitmap.HandleNeeded
 0001:0001FC64       TBitmap.LoadFromClipboardFormat
 0001:0001FCE8       TBitmap.LoadFromStream
 0001:0001FB4C       TBitmap.MaskHandleNeeded
 0001:0001FD0C       TBitmap.NewImage
 0001:0001FBAC       TBitmap.PaletteNeeded
 0001:0001FE0C       TBitmap.ReadData
 0001:0001FE34       TBitmap.ReadDIB
 0001:0002039C       TBitmap.ReadStream
 0001:00020ACC       TBitmap.SaveToClipboardFormat
 0001:00020AC4       TBitmap.SaveToStream
 0001:0002040C       TBitmap.SetHandle
 0001:000204D0       TBitmap.SetHandleType
 0001:00020608       TBitmap.SetHeight
 0001:0002065C       TBitmap.SetMonochrome
 0001:000206DC       TBitmap.SetPalette
 0001:000207B0       TBitmap.SetWidth
 0001:00020804       TBitmap.WriteData
 0001:0002080C       TBitmap.WriteStream
 0001:0001E680       TBitmapCanvas.Create
 0001:0001E788       TBitmapCanvas.CreateHandle
 0001:0001E6BC       TBitmapCanvas.Destroy
 0001:0001E6E8       TBitmapCanvas.FreeContext
 0001:0001E898       TBitmapImage.Destroy
 0001:0001E8F4       TBitmapImage.FreeHandle
 0001:00013148       TBits.Destroy
 0001:00013178       TBits.Error
 0001:0001326C       TBits.OpenBit
 0001:00013240       TBits.SetBit
 0001:0001319C       TBits.SetSize
 0001:0001C300       TBrush.Assign
 0001:0001C298       TBrush.Create
 0001:0001C2D8       TBrush.Destroy
 0001:0001C438       TBrush.GetColor
 0001:0001C3A8       TBrush.GetData
 0001:0001C474       TBrush.GetHandle
 0001:0001C554       TBrush.GetStyle
 0001:0001C414       TBrush.SetBitmap
 0001:0001C440       TBrush.SetColor
 0001:0001C3C4       TBrush.SetData
 0001:0001C55C       TBrush.SetStyle
 0001:00050FB4       TBubbleSort.Sort
 0001:000298F0       TButton.Click
 0001:00029A78       TButton.CMDialogChar
 0001:00029A08       TButton.CMDialogKey
 0001:00029AFC       TButton.CMFocusChanged
 0001:000299F4       TButton.CNCommand
 0001:00029B7C       TButton.CNCtlColorBtn
 0001:0002988C       TButton.Create
 0001:000299A0       TButton.CreateParams
 0001:000299DC       TButton.CreateWnd
 0001:00029918       TButton.SetButtonStyle
 0001:0002996C       TButton.SetDefault
 0001:00029914       TButton.UseRightToLeftAlignment
 0001:00029B50       TButton.WMEraseBkgnd
 0001:000295F8       TButtonActionLink.AssignClient
 0001:0002961C       TButtonActionLink.IsCheckedLinked
 0001:00029654       TButtonActionLink.SetChecked
 0001:0002970C       TButtonControl.ActionChange
 0001:000297DC       TButtonControl.CNCtlColorStatic
 0001:000296B8       TButtonControl.Create
 0001:00029854       TButtonControl.CreateParams
 0001:00029754       TButtonControl.GetActionLinkClass
 0001:0002975C       TButtonControl.GetChecked
 0001:00029760       TButtonControl.SetChecked
 0001:00029878       TButtonControl.SetWordWrap
 0001:00029828       TButtonControl.WMEraseBkGnd
 0001:00029764       TButtonControl.WndProc
 0001:0001CE8C       TCanvas.BrushChanged
 0001:0001CD60       TCanvas.Changed
 0001:0001CD4C       TCanvas.Changing
 0001:0001C6B0       TCanvas.CopyRect
 0001:0001C590       TCanvas.Create
 0001:0001CDD0       TCanvas.CreateBrush
 0001:0001CD74       TCanvas.CreateFont
 0001:0001CC80       TCanvas.CreateHandle
 0001:0001CDA0       TCanvas.CreatePen
 0001:0001CC24       TCanvas.DeselectHandles
 0001:0001C654       TCanvas.Destroy
 0001:0001C738       TCanvas.Draw
 0001:0001C7E4       TCanvas.FillRect
 0001:0001CE4C       TCanvas.FontChanged
 0001:0001C968       TCanvas.GetCanvasOrientation
 0001:0001CC04       TCanvas.GetHandle
 0001:0001CB4C       TCanvas.GetPenPos
 0001:0001CB90       TCanvas.GetPixel
 0001:0001C820       TCanvas.LineTo
 0001:0001C858       TCanvas.Lock
 0001:0001C880       TCanvas.MoveTo
 0001:0001CE6C       TCanvas.PenChanged
 0001:0001C8AC       TCanvas.Polyline
 0001:0001C8E4       TCanvas.Rectangle
 0001:0001CCD8       TCanvas.RequiredState
 0001:0001CB40       TCanvas.SetBrush
 0001:0001CB24       TCanvas.SetFont
 0001:0001CC84       TCanvas.SetHandle
 0001:0001CB34       TCanvas.SetPen
 0001:0001CB70       TCanvas.SetPenPos
 0001:0001CBBC       TCanvas.SetPixel
 0001:0001C92C       TCanvas.StretchDraw
 0001:0001CA20       TCanvas.TextExtent
 0001:0001CA80       TCanvas.TextHeight
 0001:0001C994       TCanvas.TextOut
 0001:0001CA64       TCanvas.TextWidth
 0001:0001CAA0       TCanvas.TryLock
 0001:0001CAFC       TCanvas.Unlock
 0001:0003DD30       TChangeLink.Change
 0001:0003DCFC       TChangeLink.Destroy
 0001:0001221C       TClassFinder.Create
 0001:00012348       TClassFinder.Destroy
 0001:00012378       TClassFinder.GetClass
 0001:0001356C       TCollection.Add
 0001:0001358C       TCollection.Clear
 0001:0002442C       TCommonDialog.Create
 0001:000244D0       TCommonDialog.DefaultHandler
 0001:00024474       TCommonDialog.Destroy
 0001:00024674       TCommonDialog.DoClose
 0001:00024688       TCommonDialog.DoShow
 0001:00024508       TCommonDialog.MainWndProc
 0001:000244A8       TCommonDialog.MessageHook
 0001:000245A0       TCommonDialog.TaskModalDialog
 0001:0002455C       TCommonDialog.WMDestroy
 0001:00024574       TCommonDialog.WMInitDialog
 0001:0002458C       TCommonDialog.WMNCDestroy
 0001:00024554       TCommonDialog.WndProc
 0001:00018CD8       TComponent.BeforeDestruction
 0001:000191F8       TComponent.ChangeName
 0001:00018C14       TComponent.Create
 0001:00018F8C       TComponent.DefineProperties
 0001:00018C60       TComponent.Destroy
 0001:00018E5C       TComponent.DestroyComponents
 0001:00018EB4       TComponent.Destroying
 0001:00019334       TComponent.ExecuteAction
 0001:0001911C       TComponent.FindComponent
 0001:00018CE4       TComponent.FreeNotification
 0001:00019020       TComponent.GetChildOwner
 0001:00019024       TComponent.GetChildParent
 0001:00019018       TComponent.GetChildren
 0001:0001920C       TComponent.GetComponent
 0001:00019238       TComponent.GetComponentCount
 0001:00019028       TComponent.GetNamePath
 0001:0001903C       TComponent.GetOwner
 0001:00019044       TComponent.GetParentComponent
 0001:00019014       TComponent.HasParent
 0001:00018D78       TComponent.Insert
 0001:00018DCC       TComponent.InsertComponent
 0001:00019424       TComponent.IntfGetComponent
 0001:00019064       TComponent.Loaded
 0001:00018F30       TComponent.Notification
 0001:00019070       TComponent.PaletteCreated
 0001:000193A4       TComponent.QueryInterface
 0001:00018D38       TComponent.ReadLeft
 0001:00019074       TComponent.ReadState
 0001:00018D4C       TComponent.ReadTop
 0001:00018DA4       TComponent.Remove
 0001:00018E24       TComponent.RemoveComponent
 0001:00018F14       TComponent.RemoveFreeNotification
 0001:00018EF0       TComponent.RemoveNotification
 0001:00019384       TComponent.SafeCallException
 0001:00019040       TComponent.SetChildOrder
 0001:00019248       TComponent.SetComponentIndex
 0001:0001929C       TComponent.SetDesigning
 0001:0001916C       TComponent.SetName
 0001:00019048       TComponent.SetParentComponent
 0001:000192EC       TComponent.SetReference
 0001:0001935C       TComponent.UpdateAction
 0001:00019058       TComponent.Updated
 0001:0001939C       TComponent.UpdateRegistry
 0001:0001904C       TComponent.Updating
 0001:00019104       TComponent.ValidateContainer
 0001:00019118       TComponent.ValidateInsert
 0001:00019084       TComponent.ValidateRename
[...]
 0002:00000968       RTFConversionFormat
 0002:00000974       TextConversionFormat
 0002:00000980       ThemeServicesClass
 0002:00000984       Copyright
 0002:00000988       ThemeDataNames
 0002:000009E8       Alignments
 0002:000009F0       WordWraps
 0002:000009F4       WordWraps
 0002:000009F8       ButtonStyles
 0002:00000A00       AnimateWindowProc
 0002:00000A04       CreationControl
 0002:00000A08       DefaultDockTreeClass
 0002:00000A0C       AnchorAlign
 0002:00000A14       Cursors
 0002:00000AC4       CaptureControl
 0002:00000AC8       ShowFlags
 0002:00000ACC       WindowPos
 0002:00000AD0       InnerStyles
 0002:00000AE0       OuterStyles
 0002:00000AF0       EdgeStyles
 0002:00000B00       Ctl3DStyles
 0002:00000B08       AnimationStyle
 0002:00000B14       OrientArray
 0002:00000B1C       MakeLast
 0002:00000B24       TreeStreamEndFlag
 0002:00000B28       SizeCursors
 0002:00000B30       IMM32DLL
 0002:00000B34       ModeMap
 0002:00000B3C       DrawingStyles
 0002:00000B4C       Images
 0002:00000B54       Mask
 0002:00000B5C       ValidMenuHotkeys
 0002:00000B60       cMenuAutoFlagToItem
 0002:00000B64       cItemAutoFlagToMenu
 0002:00000B68       cBooleanToItemAutoFlag
 0002:00000B6C       cItemAutoFlagToBoolean
 0002:00000B70       MenuKeyCaps
 0002:00000BB8       Checks
 0002:00000BC0       Enables
 0002:00000BC8       Breaks
 0002:00000BD4       Separators
 0002:00000BDC       IBreaks
 0002:00000BE8       IChecks
 0002:00000BF0       IDefaults
 0002:00000BF8       IEnables
 0002:00000C00       IRadios
 0002:00000C08       ISeparators
 0002:00000C10       IRTL
 0002:00000C18       IOwnerDraw
 0002:00000C20       Alignments
 0002:00000C28       EdgeStyle
 0002:00000C30       Alignments
 0002:00000C38       Flags
 0002:00000C44       Buttons
 0002:00000C48       HintWindowClass
 0002:00000C4C       SetLayeredWindowAttributes
 0002:00000C50       FocusMessages
 0002:00000C54       FocusCount
 0002:00000C58       TaskActiveWindow
 0002:00000C5C       TaskFirstWindow
 0002:00000C60       TaskFirstTopMost
 0002:00000C64       TaskWindowList
 0002:00000C68       SysConsts
 0002:00000C70       SysConsts
 0002:00000C78       Props
 0002:00000CA0       Styles
 0002:00000CAC       ShowCommands
 0002:00000CB8       ShowCommands
 0002:00000CC4       ShowCommands
 0002:00000CD0       cUseAlpha
 0002:00000CD8       cUseColorKey
 0002:00000CE0       CursorMap
 0002:00000D34       WindowClass
 0002:00000D5C       AppVisible
 0002:00000D60       ShowFlags
 0002:00002000       DispCallByIDProc
 0002:00002004       ExceptProc
 0002:00002008       ErrorProc
 0002:0000200C       ExceptClsProc
 0002:00002010       ExceptObjProc
 0002:00002014       RaiseExceptionProc
 0002:00002018       RTLUnwindProc
 0002:0000201C       ExceptionClass
 0002:00002020       AssertErrorProc
 0002:00002024       ExitProcessProc
 0002:00002028       AbstractErrorProc
 0002:0000202C       MainInstance
 0002:00002030       MainThreadID
 0002:00002034       IsLibrary
 0002:00002038       CmdShow
 0002:0000203C       CmdLine
 0002:00002040       InitProc
 0002:00002044       ExitProc
 0002:00002048       IsConsole
 0002:00002049       IsMultiThread
 0002:0000204A       Test8086
 0002:0000204C       Input
 0002:00002218       Output
 0002:000023E4       ErrOutput
 0002:000025B0       AllocMemCount
 0002:000025B4       AllocMemSize
 0002:000025B8       .5
 0002:000025BC       DefaultUserCodePage
 0002:000025C0       initialized
 0002:000025C4       heapErrorCode
 0002:000025C8       heapLock
 0002:000025E0       blockDescBlockList
 0002:000025E4       blockDescFreeList
 0002:000025E8       spaceRoot
 0002:000025F8       decommittedRoot
 0002:00002608       avail
 0002:00002614       rover
 0002:00002618       remBytes
 0002:0000261C       curAlloc
 0002:00002620       smallTab
 0002:00002624       committedRoot
 0002:00002634       InitContext
 0002:00002660       ModuleIsLib
 0002:00002661       ModuleIsCpp
 0002:00002664       HInstance
 0002:00002668       .1
 0002:0000266C       tlsBuffer
 0002:00002670       .1
 0002:00002674       .3
 0002:00002678       .1
 0002:0000267C       .1
 0002:00002680       CurrencyString
 0002:00002684       CurrencyFormat
 0002:00002685       NegCurrFormat
 0002:00002686       ThousandSeparator
 0002:00002687       DecimalSeparator
 0002:00002688       CurrencyDecimals
 0002:00002689       DateSeparator
 0002:0000268C       ShortDateFormat
 0002:00002690       LongDateFormat
 0002:00002694       TimeSeparator
 0002:00002698       TimeAMString
 0002:0000269C       TimePMString
 0002:000026A0       ShortTimeFormat
 0002:000026A4       LongTimeFormat
 0002:000026A8       ShortMonthNames
 0002:000026D8       LongMonthNames
 0002:00002708       ShortDayNames
 0002:00002724       LongDayNames
 0002:00002740       SysLocale
 0002:0000274E       ListSeparator
 0002:00002750       EraNames
 0002:0000276C       EraYearOffsets
 0002:00002788       TrueBoolStrs
 0002:0000278C       FalseBoolStrs
 0002:00002790       .35
 0002:00002794       OutOfMemory
 0002:00002798       InvalidPointer
 0002:0000279C       FLanguages
 0002:000027A0       VariantChangeTypeEx
 0002:000027A4       VarNeg
 0002:000027A8       VarNot
 0002:000027AC       VarAdd
 0002:000027B0       VarSub
 0002:000027B4       VarMul
 0002:000027B8       VarDiv
 0002:000027BC       VarIDiv
 0002:000027C0       VarMod
 0002:000027C4       VarAnd
 0002:000027C8       VarOr
 0002:000027CC       VarXor
 0002:000027D0       VarCmp
 0002:000027D4       VarI4FromStr
 0002:000027D8       VarR4FromStr
 0002:000027DC       VarR8FromStr
 0002:000027E0       VarDateFromStr
 0002:000027E4       VarCyFromStr
 0002:000027E8       VarBoolFromStr
 0002:000027EC       VarBstrFromCy
 0002:000027F0       VarBstrFromDate
 0002:000027F4       VarBstrFromBool
 0002:000027F8       .5
 0002:000027FC       EmptyParam
 0002:0000280C       VarDispProc
 0002:00002810       ClearAnyProc
 0002:00002814       ChangeAnyProc
 0002:00002818       RefAnyProc
 0002:0000281C       .81
 0002:00002820       LVarTypes
 0002:00002824       LVarTypeSync
 0002:0000283C       .1
 0002:00002840       .6
 0002:00002844       .3
 0002:00002848       GlobalNameSpace
 0002:0000284C       IsUniqueGlobalComponentNameProc
 0002:00002850       SyncEvent
 0002:00002854       .45
 0002:00002858       IntConstList
 0002:0000285C       RegGroups
 0002:00002860       FindGlobalComponentProcs
 0002:00002864       GlobalFixupList
 0002:00002868       ThreadLock
 0002:00002880       ThreadCount
 0002:00002884       InstBlockList
 0002:00002888       InstFreeList
 0002:0000288C       .1
 0002:00002890       SystemPalette16
 0002:00002894       .12
 0002:00002898       ScreenLogPixels
 0002:0000289C       StockPen
 0002:000028A0       StockBrush
 0002:000028A4       StockFont
 0002:000028A8       StockIcon
 0002:000028AC       BitmapImageLock
 0002:000028C4       CounterLock
 0002:000028DC       FontManager
 0002:000028E0       PenManager
 0002:000028E4       BrushManager
 0002:000028E8       CanvasList
 0002:000028EC       PatternManager
 0002:000028F0       .2
 0002:000028F4       .21
 0002:000028F8       .1
 0002:000028FC       GetSystemMetrics
 0002:00002900       MonitorFromWindow
 0002:00002904       MonitorFromRect
 0002:00002908       MonitorFromPoint
 0002:0000290C       GetMonitorInfo
 0002:00002910       GetMonitorInfoA
 0002:00002914       GetMonitorInfoW
 0002:00002918       EnumDisplayMonitors
 0002:0000291C       .1
 0002:00002920       User32Dll
 0002:00002924       InitApis
 0002:0000292C       MMAvailable
 0002:00002930       .1
 0002:00002934       .2
 0002:00002938       HelpManager
 0002:0000293C       .3
 0002:00002940       .3
 0002:00002944       FlatSB_EnableScrollBar
 0002:00002948       FlatSB_ShowScrollBar
 0002:0000294C       FlatSB_GetScrollRange
 0002:00002950       FlatSB_GetScrollInfo
 0002:00002954       FlatSB_GetScrollPos
 0002:00002958       FlatSB_SetScrollPos
 0002:0000295C       FlatSB_SetScrollInfo
 0002:00002960       FlatSB_SetScrollRange
 0002:00002964       .1
 0002:00002968       _FlatSB_GetScrollProp
 0002:0000296C       _FlatSB_SetScrollProp
 0002:00002970       _InitializeFlatSB
 0002:00002974       _UninitializeFlatSB
 0002:00002978       .6
 0002:0000297C       OpenThemeData
 0002:00002980       CloseThemeData
 0002:00002984       DrawThemeBackground
 0002:00002988       DrawThemeText
 0002:0000298C       GetThemeBackgroundContentRect
 0002:00002990       GetThemeBackgroundExtent
 0002:00002994       GetThemePartSize
 0002:00002998       GetThemeTextExtent
 0002:0000299C       GetThemeTextMetrics
 0002:000029A0       GetThemeBackgroundRegion
 0002:000029A4       HitTestThemeBackground
 0002:000029A8       DrawThemeEdge
 0002:000029AC       DrawThemeIcon
 0002:000029B0       IsThemePartDefined
 0002:000029B4       IsThemeBackgroundPartiallyTransparent
 0002:000029B8       GetThemeColor
 0002:000029BC       GetThemeMetric
 0002:000029C0       GetThemeString
 0002:000029C4       GetThemeBool
 0002:000029C8       GetThemeInt
 0002:000029CC       GetThemeEnumValue
 0002:000029D0       GetThemePosition
 0002:000029D4       GetThemeFont
 0002:000029D8       GetThemeRect
 0002:000029DC       GetThemeMargins
 0002:000029E0       GetThemeIntList
 0002:000029E4       GetThemePropertyOrigin
 0002:000029E8       SetWindowTheme
 0002:000029EC       GetThemeFilename
 0002:000029F0       GetThemeSysColor
 0002:000029F4       GetThemeSysColorBrush
 0002:000029F8       GetThemeSysBool
 0002:000029FC       GetThemeSysSize
 0002:00002A00       GetThemeSysFont
 0002:00002A04       GetThemeSysString
 0002:00002A08       GetThemeSysInt
 0002:00002A0C       IsThemeActive
 0002:00002A10       IsAppThemed
 0002:00002A14       GetWindowTheme
 0002:00002A18       EnableThemeDialogTexture
 0002:00002A1C       IsThemeDialogTextureEnabled
 0002:00002A20       GetThemeAppProperties
 0002:00002A24       SetThemeAppProperties
 0002:00002A28       GetCurrentThemeName
 0002:00002A2C       GetThemeDocumentationProperty
 0002:00002A30       DrawThemeParentBackground
 0002:00002A34       EnableTheming
 0002:00002A38       .1
 0002:00002A3C       ThemeLibrary
 0002:00002A40       ReferenceCount
 0002:00002A44       Lock
 0002:00002A48       .1
 0002:00002A4C       .4
 0002:00002A50       .1
 0002:00002A54       .1
 0002:00002A58       .1
 0002:00002A5C       .1
 0002:00002A60       .1
 0002:00002A64       .1
 0002:00002A68       .1
 0002:00002A6C       .11
 0002:00002A70       HelpMsg
 0002:00002A74       FindMsg
 0002:00002A78       .12
 0002:00002A7C       .1
 0002:00002A80       CF_PICTURE
 0002:00002A82       CF_COMPONENT
 0002:00002A84       .2
 0002:00002A88       FClipboard
 0002:00002A8C       .1
 0002:00002A90       .4
 0002:00002A94       BitBtnGlyphs
 0002:00002AC0       .3
 0002:00002AC4       .8
 0002:00002AC8       .5
 0002:00002ACC       .1
 0002:00002AD0       .72
 0002:00002AD4       UrlMonHandle
 0002:00002AD8       UrlMonInitialized
 0002:00002ADC       .8
 0002:00002AE0       .36
 0002:00002AE4       ShellModule
 0002:00002AE8       FRichEditModule
 0002:00002AEC       ComCtlVersion
 0002:00002AF0       .2
 0002:00002AF4       InternalServices
 0002:00002AF8       .42
 0002:00002AFC       .73
 0002:00002B00       WinHelpTester
 0002:00002B04       ViewerName
 0002:00002B08       .1
 0002:00002B0C       HelpViewer
 0002:00002B10       HelpViewerIntf
 0002:00002B14       Mouse
 0002:00002B18       NewStyleControls
 0002:00002B1C       .72
 0002:00002B20       WindowAtom
 0002:00002B22       ControlAtom
 0002:00002B24       WindowAtomString
 0002:00002B28       ControlAtomString
 0002:00002B2C       RM_GetObjectInstance
 0002:00002B30       DragControl
 0002:00002B34       DragObject
 0002:00002B38       DragInternalObject
 0002:00002B3C       DragCapture
 0002:00002B40       DragStartPos
 0002:00002B48       DragSaveCursor
 0002:00002B4C       DragThreshold
 0002:00002B50       ActiveDrag
 0002:00002B54       DragImageList
 0002:00002B58       DockSiteList
 0002:00002B5C       QualifyingSites
 0002:00002B60       DragSave
 0002:00002B64       CanvasList
 0002:00002B68       _WINNLSEnableIME
 0002:00002B6C       _ImmGetContext
 0002:00002B70       _ImmReleaseContext
 0002:00002B74       _ImmGetConversionStatus
 0002:00002B78       _ImmSetConversionStatus
 0002:00002B7C       _ImmSetOpenStatus
 0002:00002B80       _ImmSetCompositionWindow
 0002:00002B84       _ImmSetCompositionFont
 0002:00002B88       _ImmGetCompositionString
 0002:00002B8C       _ImmIsIME
 0002:00002B90       _ImmNotifyIME
 0002:00002B94       .8
 0002:00002B98       .3
 0002:00002B9C       CachedComCtrlVer
 0002:00002BA0       ImageListWriteExProc
 0002:00002BA4       PopupList
 0002:00002BA8       ShortCutItems
 0002:00002BAC       .9
 0002:00002BB0       CommandPool
 0002:00002BB4       Application
 0002:00002BB8       Screen
 0002:00002BBC       .41
 0002:00002BC0       RM_TaskbarCreated
 0002:00002BC4       HintThreadID
 0002:00002BC8       HintDoneEvent
 0002:00002BCC       HintHook
 0002:00002BD0       HintThread
 0002:00002BD4       .9
 0002:00002BD8       ThreadSortForm
 0002:00002BDC       .2
 0002:00002BE0       ArraysRandom
 0002:00002BE4       BubbleSortArray
 0002:00002DB0       SelectionSortArray
 0002:00002F7C       QuickSortArray
 0002:00003148       InsertArray
 0002:00003314       MergeArray
 0002:000034E0       HeapArray
 0002:000036AC       CountingArray


Line numbers for SortThds(SortThds.pas) segment .text

    91 0001:00050CD4    92 0001:00050CE4    93 0001:00050D29    98 0001:00050D30
    99 0001:00050D45   100 0001:00050D48   101 0001:00050D4E   102 0001:00050D58
   103 0001:00050D5C   104 0001:00050D7E   113 0001:00050D84   114 0001:00050D8B
   116 0001:00050D8E   117 0001:00050DA1   118 0001:00050DB2   119 0001:00050DC3
   120 0001:00050DD6   121 0001:00050DE7   123 0001:00050DF8   130 0001:00050DFC
   131 0001:00050DFF   132 0001:00050E02   133 0001:00050E05   134 0001:00050E0B
   135 0001:00050E11   136 0001:00050E1C   144 0001:00050E20   145 0001:00050E3D
   146 0001:00050E4A   147 0001:00050E65   152 0001:00050E72   153 0001:00050E98
   154 0001:00050EC2   157 0001:00050EDC   158 0001:00050EDF   159 0001:00050EFB
   163 0001:00050F00   164 0001:00050F02   168 0001:00050F04   169 0001:00050F12
   171 0001:00050F17   172 0001:00050F22   173 0001:00050F35   174 0001:00050F45
   176 0001:00050F53   179 0001:00050F5C   180 0001:00050F6A   182 0001:00050F6F
   183 0001:00050F7A   184 0001:00050F8D   185 0001:00050F9D   187 0001:00050FAB
   194 0001:00050FB4   196 0001:00050FC4   198 0001:00050FD0   200 0001:00050FE1
   202 0001:0005100A   203 0001:0005103A   204 0001:0005104A   205 0001:0005106E
   206 0001:00051081   207 0001:0005108A   198 0001:0005108B   196 0001:00051094
   208 0001:000510A1   215 0001:000510A8   217 0001:000510B8   219 0001:000510CE
   221 0001:000510E0   223 0001:00051105   224 0001:00051135   225 0001:00051148
   226 0001:0005116B   227 0001:0005117B   228 0001:00051184   219 0001:00051185
   228 0001:0005118E   217 0001:00051191   229 0001:0005119A   239 0001:000511A4
   240 0001:000511B5   241 0001:000511B8   242 0001:000511BB   244 0001:000511DB
   245 0001:000511F4   247 0001:0005120B   249 0001:0005120F   250 0001:0005123E
   251 0001:0005124F   252 0001:00051271   253 0001:00051282   254 0001:00051283
   256 0001:00051284   259 0001:0005128C   261 0001:000512A4   262 0001:000512BE
   263 0001:000512C8   265 0001:000512D4   266 0001:000512DB   267 0001:000512E9
   274 0001:000512EC   276 0001:000512FC   279 0001:00051312   281 0001:00051328
   284 0001:0005132E   285 0001:0005134C   286 0001:00051367   287 0001:0005138A
   282 0001:0005138B   289 0001:000513A4   290 0001:000513C2   291 0001:000513D0
   292 0001:000513E4   276 0001:000513E7   293 0001:000513F0   304 0001:0005141C
   305 0001:00051443   306 0001:0005144C   307 0001:00051455   308 0001:00051470
   309 0001:0005148B   311 0001:00051496   312 0001:000514C1   309 0001:000514C2
   313 0001:000514C5   315 0001:000514D0   316 0001:000514FE   313 0001:000514FF
   317 0001:00051502   318 0001:0005151D   319 0001:00051538   320 0001:0005153A
   321 0001:0005153F   323 0001:0005154B   325 0001:00051578   326 0001:00051599
   327 0001:000515BA   328 0001:000515E2   332 0001:000515E5   333 0001:00051606
   334 0001:0005162A   335 0001:00051655   337 0001:00051658   321 0001:00051659
   338 0001:00051688   342 0001:00051694   343 0001:000516A8   345 0001:000516AC
   346 0001:000516B6   347 0001:000516C9   348 0001:000516DD   350 0001:000516F1
   351 0001:000516FC   353 0001:00051703   354 0001:00051711   361 0001:00051714
   362 0001:00051722   364 0001:00051729   366 0001:00051732   367 0001:0005173F
   364 0001:00051740   368 0001:00051745   372 0001:0005174C   373 0001:00051750
   377 0001:00051754   378 0001:00051759   383 0001:0005175C   384 0001:00051770
   385 0001:0005177C   387 0001:00051788   389 0001:00051790   390 0001:000517BD
   392 0001:000517C2   394 0001:000517C4   395 0001:000517CC   396 0001:000517F9
   397 0001:000517FC   399 0001:00051800   401 0001:0005180F   403 0001:0005181D
   408 0001:00051828   410 0001:00051836   411 0001:00051842   413 0001:0005184A
   414 0001:00051859   415 0001:0005185C   416 0001:0005186A   411 0001:0005186B
   417 0001:0005186F   422 0001:00051878   423 0001:00051889   424 0001:000518B9
   425 0001:000518C9   426 0001:000518ED   427 0001:00051900   438 0001:0005192C
   439 0001:00051944   441 0001:00051953   442 0001:00051977   439 0001:00051978
   443 0001:0005197D   445 0001:0005198F   446 0001:000519B2   443 0001:000519B3
   447 0001:000519B8   449 0001:000519C2   450 0001:00051A0C   451 0001:00051A30
   447 0001:00051A31   452 0001:00051A36   453 0001:00051A40   455 0001:00051A66
   456 0001:00051A7E   458 0001:00051A8B   459 0001:00051AB6   456 0001:00051AB7
   460 0001:00051ABA   461 0001:00051AD5   462 0001:00051AEF   463 0001:00051B14
   465 0001:00051B1E   466 0001:00051B45   463 0001:00051B46   467 0001:00051B49
   468 0001:00051B7C   470 0001:00051BB4   470 0001:00051BBB

Line numbers for ThSort(ThSort.pas) segment .text

    76 0001:00051F80    79 0001:00051F8C    80 0001:00051F9F    82 0001:00051FCE
    85 0001:00051FD8    86 0001:00051FDB    87 0001:00051FED    90 0001:00051FF0
    91 0001:00051FF3    92 0001:00052005    95 0001:00052008    96 0001:0005200B
    97 0001:0005201D   100 0001:00052020   101 0001:00052023   102 0001:00052035
   105 0001:00052038   106 0001:0005203B   107 0001:0005204D   111 0001:00052050
   112 0001:00052053   113 0001:00052065   116 0001:00052068   117 0001:0005206B
   118 0001:0005207D   122 0001:00052080   123 0001:00052083   124 0001:00052088
   127 0001:0005208C   128 0001:00052092   129 0001:00052099   130 0001:000520A3
   131 0001:000520BC   132 0001:000520C6   133 0001:000520DF   134 0001:000520E9
   135 0001:00052102   136 0001:0005210C   137 0001:00052125   138 0001:0005212F
   139 0001:00052148   140 0001:00052152   141 0001:0005216B   142 0001:00052175
   143 0001:0005218E   144 0001:00052198   145 0001:000521A5   150 0001:000521A8
   151 0001:000521B0   153 0001:000521BD   154 0001:000521C2   155 0001:000521CC
   154 0001:000521E2   156 0001:000521E5   157 0001:000521F8   158 0001:0005220B
   159 0001:0005221E   160 0001:00052231   161 0001:00052244   162 0001:00052257
   163 0001:0005225E   165 0001:00052268   168 0001:00052270   169 0001:00052273
   170 0001:00052279   172 0001:00052282   173 0001:0005228F   175 0001:00052296
   179 0001:000522C8   179 0001:000522CF

Line numbers for ThrdDemo(D:\Code\Threads\thrddemo.dpr) segment .text

    10 0001:000524E0    11 0001:000524F0    12 0001:000524FC    13 0001:00052514
    14 0001:00052520

Bound resource files

h:\program files\borland\delphi7\Lib\Buttons.res
h:\program files\borland\delphi7\Lib\ExtDlgs.res
h:\program files\borland\delphi7\Lib\Controls.res
ThSort.dfm
ThrdDemo.RES
ThrdDemo.drf


Program entry point at 0001:000524E0
